------Overall Statistics------
Total number of variants                          : 314
Maximum missingness                               : 12.300
Maximum Allele Frequency                          : 9.000e-04
Total number of PASS variants                     : 314
Total number of non-PASS variants                 : 0
Number of LOFTEE HC                               : 314

----Consequence statistics----
Number of Parsed Consequence â€“ PTV                : 314
Number of VEP Consequence - PTV&testcsq1                                                                                          : 167
Number of VEP Consequence - PTV&testcsq1&testcsq2                                                                                 : 147

Total variants found                              : 314
Total variants not found                          : 512
Variants not Found:
1:11942415:A:C
1:76944687:T:A
1:63527939:C:G
1:26890716:A:C
1:1418555:G:T
1:966812:C:T
1:84311336:T:A
1:12177018:C:A
1:16014251:G:A
1:8472515:C:A
1:13316219:G:A
1:25861705:G:T
1:1598169:T:A
1:13281625:A:C
1:16990607:A:G
1:20720734:C:A
1:22644197:T:G
1:9951296:T:G
1:26952973:A:T
1:22563999:C:T
1:23803171:A:C
1:24662952:C:A
1:6186072:A:T
1:19975584:A:G
1:16367510:C:G
1:11695631:G:T
1:1373880:C:A
1:89529680:C:T
1:74748357:G:A
1:11012811:A:T
1:20112001:T:A
1:25363695:C:G
1:2528759:G:T
1:1086853:G:A
1:20302547:T:C
1:27393555:G:T
1:71065412:T:A
1:25546689:A:C
1:13585415:C:T
1:2485822:A:G
1:3858582:T:C
1:67410708:G:T
1:26160018:T:G
1:25431852:G:T
1:13171956:A:T
1:11487684:T:C
1:17541652:C:T
1:1212981:C:G
1:450897:G:A
1:75134726:T:A
1:8961030:G:T
1:28081240:G:T
1:74244838:G:C
1:22129956:G:T
1:3021501:C:A
1:26537240:A:T
1:26243083:A:C
1:67321569:G:T
1:67685346:A:C
1:924298:G:A
1:17309664:A:C
1:28236177:A:C
1:1514621:C:A
1:25639895:A:T
1:15492277:A:C
1:9589771:G:C
1:9935542:A:C
1:21223973:A:G
1:77944803:A:T
1:960850:G:A
1:1544392:C:T
1:15941959:T:C
1:3074800:T:G
1:9686758:C:G
1:1473845:A:T
1:26166444:A:G
1:19252254:A:C
1:64833349:G:T
1:85163134:A:T
1:12857100:G:T
1:17790124:G:C
1:23791212:G:T
1:76241055:T:A
1:78047205:G:A
1:84815674:G:A
1:16047697:G:T
1:84518905:C:G
1:68429086:C:T
1:18481044:C:T
1:6460896:T:G
1:75305548:C:A
1:81806303:C:G
1:19814038:C:G
1:12646387:G:C
1:23691815:A:G
1:20070446:G:T
1:15457501:G:C
1:63324295:G:T
1:19282927:C:T
1:1436999:A:G
1:5866479:C:G
1:27416985:T:C
1:1242521:A:G
1:22638600:G:T
1:16923055:C:A
1:7771738:C:A
1:67092200:G:A
1:70224437:A:T
1:24360802:A:G
1:2556464:T:A
1:6449581:C:T
1:11273777:C:G
1:20664469:A:G
1:23961021:C:T
1:77569349:C:G
1:19623579:C:T
1:24122279:G:T
1:7847669:T:C
1:1793111:C:T
1:86473764:C:T
1:25834037:G:T
1:85744859:T:A
1:16231754:C:G
1:1219325:T:A
1:13341898:A:G
1:23912869:C:G
1:88961934:C:G
1:64752836:C:G
1:70271042:T:C
1:26288538:T:C
1:86863883:C:T
1:26361697:G:C
1:22463329:C:A
1:23965288:A:C
1:15438753:T:G
1:84499499:G:C
1:19920167:C:T
1:9103061:G:T
1:75727809:T:A
1:71931340:A:C
1:28557617:A:C
1:8318468:G:T
1:65422517:T:A
1:26051692:C:T
1:66878005:G:T
1:84481835:A:G
1:6467611:A:G
1:6272974:T:A
1:88691067:G:A
1:22005663:C:A
1:9848367:G:A
1:12893722:T:A
1:23845216:G:T
1:25277004:A:C
1:1915261:C:T
1:26880536:C:A
1:7964437:A:C
1:3456697:G:T
1:10947970:A:G
1:6613968:G:A
1:27894468:A:G
1:74470290:A:T
1:12064353:A:G
1:68146496:A:C
1:2189617:T:G
1:19220434:C:A
1:16248775:G:T
1:69700316:T:G
1:23022540:C:T
1:19666021:A:T
1:26410833:T:G
1:26118938:G:C
1:6248950:C:G
1:17406957:T:A
1:9235979:G:T
1:1324864:G:C
1:27355332:G:C
1:83866619:A:G
1:13200350:T:G
1:6635530:C:T
1:20552801:C:G
1:24503213:T:G
1:1402097:T:A
1:9539740:A:T
1:77889687:C:T
1:11981687:T:G
1:13368458:T:C
1:85265860:C:A
1:29258927:C:A
1:74078046:C:A
1:25242594:G:T
1:1923572:C:A
1:19313194:C:A
1:27006309:G:C
1:26022156:T:A
1:77516321:C:A
1:11655363:A:T
1:9003184:A:G
1:12773795:C:G
1:2229077:A:T
1:3772813:C:A
1:28507162:G:T
1:84937945:A:C
1:77153601:T:A
1:84654041:G:T
1:2592651:G:C
1:1757979:A:T
1:17372568:C:T
1:26169922:A:G
1:15622122:A:G
1:999013:T:G
1:89372102:A:C
1:1616202:G:A
1:11664896:G:C
1:23323929:T:A
1:26993727:T:A
1:6244206:T:A
1:15857263:A:C
1:23779363:T:G
1:13115509:G:T
1:20163198:A:C
1:20590613:C:T
1:27283838:C:G
1:24769865:C:A
1:10450273:A:C
1:15760052:C:T
1:26826874:A:T
1:21596633:C:G
1:23557985:T:C
1:74707342:A:C
1:21441779:G:T
1:3494986:A:C
1:13303568:G:C
1:67707701:G:T
1:975377:C:T
1:6521954:T:A
1:3783200:G:C
1:20864774:G:A
1:62242366:C:T
1:1232261:C:G
1:22654410:G:C
1:9997658:T:C
1:27872584:G:C
1:28761756:T:C
1:20633845:T:G
1:11054941:T:A
1:21824912:G:T
1:6555370:G:A
1:12568056:T:G
1:3662966:T:C
1:11845864:T:C
1:66928114:G:T
1:9037685:T:A
1:13152553:G:C
1:67166755:A:G
1:26169604:G:C
1:20139513:G:C
1:62195259:A:G
1:25901328:T:A
1:68476513:G:C
1:11090785:C:A
1:1536200:A:C
1:23192719:C:A
1:28812894:G:A
1:20482530:C:A
1:12847645:G:A
1:1013530:T:G
1:65437491:C:A
1:75919972:G:C
1:10431091:A:T
1:10400926:A:C
1:16124534:T:A
1:27342670:C:A
1:27831784:A:C
1:23010911:A:C
1:25970065:C:A
1:7795122:C:T
1:12824667:G:T
1:23428599:G:A
1:1331337:C:A
1:28204831:G:C
1:3812583:A:T
1:23506446:A:C
1:28605469:G:A
1:85580770:T:C
1:78649939:C:A
1:89007100:C:A
1:13222908:G:C
1:6207956:A:G
1:3752686:G:A
1:19094195:G:C
1:4683303:T:G
1:23382929:T:C
1:15743525:T:A
1:77696098:T:C
1:18109857:T:G
1:22953134:T:G
1:27666147:G:A
1:19682452:A:C
1:24319870:T:A
1:6415590:C:G
1:1315196:T:A
1:6049755:T:A
1:1203562:G:T
1:11736670:T:C
1:13254289:T:C
1:77784397:C:T
1:15171389:A:T
1:11786538:G:T
1:15736829:C:G
1:16057834:A:G
1:19304012:T:C
1:6590903:A:C
1:18846604:C:G
1:12716785:T:C
1:17249172:C:G
1:24899673:A:G
1:61698963:G:T
1:2019390:G:T
1:2669703:T:G
1:10087403:G:T
1:88853440:G:A
1:2586944:C:A
1:1662521:T:C
1:15259494:T:G
1:11111307:A:G
1:13411447:A:T
1:2326280:T:A
1:21977599:A:G
1:11857505:C:A
1:29120105:G:A
1:26318014:T:G
1:89645755:T:A
1:86707370:A:T
1:15556648:G:T
1:78907546:G:A
1:17209647:A:G
1:16413667:A:T
1:10644543:G:C
1:1706610:G:C
1:1295351:A:G
1:23360241:C:G
1:20651817:C:G
1:29149165:C:G
1:29202594:A:T
1:24067653:A:G
1:1449934:C:T
1:26788896:T:C
1:89132130:C:A
1:1917918:G:A
1:66797772:T:A
1:27102778:T:A
1:6806538:G:C
1:22712255:T:A
1:17067103:C:T
1:26863278:C:T
1:11648433:G:T
1:87330002:A:C
1:84151122:A:T
1:89109553:T:G
1:24155245:C:G
1:86434142:C:A
1:86914789:G:C
1:59994415:C:G
1:12882481:A:C
1:3631646:T:G
1:16440951:C:G
1:27334067:G:T
1:63855454:T:A
1:26192374:C:G
1:28593977:G:A
1:15479144:G:T
1:12019529:A:G
1:25230450:T:C
1:12938534:C:T
1:28929742:T:A
1:26280235:T:G
1:64477678:T:G
1:19454135:C:T
1:1266186:G:T
1:15410838:G:A
1:62437228:C:A
1:1071020:C:T
1:21678804:C:G
1:16975633:C:A
1:1632512:T:A
1:89052460:T:G
1:85024383:C:G
1:6626772:A:G
1:26473143:A:G
1:74201294:G:A
1:12791523:G:A
1:18914994:G:A
1:89258963:T:G
1:9299696:G:T
1:26037616:G:A
1:13739065:T:G
1:26926876:A:G
1:24423137:G:C
1:27379660:A:G
1:1352727:G:T
1:21512699:C:T
1:62468636:G:A
1:65862304:T:G
1:16022449:A:C
1:18871727:A:G
1:19888141:G:A
1:68046678:A:G
1:27729606:A:T
1:27613071:C:G
1:11921635:G:A
1:16198554:C:A
1:20741250:C:T
1:18635496:T:G
1:61767470:G:T
1:26911525:C:T
1:86349191:G:T
1:85065957:G:C
1:3891082:C:A
1:2405844:G:A
1:84549692:A:G
1:8012652:T:G
1:2397758:C:A
1:6106756:C:T
1:1308604:C:T
1:946411:C:A
1:89823016:T:A
1:17025096:G:C
1:88981212:G:C
1:13049488:T:G
1:67011233:A:T
1:70412979:T:G
1:28147848:C:G
1:65430:A:G
1:12239236:G:A
1:26433261:A:G
1:10503688:G:A
1:61094583:A:C
1:3625015:A:T
1:20186407:G:T
1:2509322:G:C
1:85326667:G:A
1:11806527:A:G
1:62597795:G:C
1:9732466:C:G
1:25800636:T:C
1:26177651:T:G
1:685766:G:A
1:78497773:A:C
1:1336869:G:A
1:26344185:A:G
1:89181459:C:G
1:75786944:G:A
1:74576592:G:T
1:27369494:T:A
1:15659729:A:G
1:11675343:C:T
1:1280459:G:T
1:15580210:A:T
1:78009163:A:C
1:2059625:C:A
1:11027926:T:A
1:27539067:G:T
1:6232540:G:C
1:21813214:G:A
1:24575970:T:A
1:26711219:C:T
1:10215807:C:A
1:12747202:T:G
1:8864238:C:A
1:16004542:T:G
1:28259670:C:A
1:7918168:G:C
1:15686044:A:T
1:85652565:A:T
1:28329144:C:T
1:13164327:T:C
1:1386279:G:A
1:13475620:A:T
1:1020192:C:G
1:84399260:C:G
1:85256201:C:A
1:86548168:C:T
1:70146559:C:G
1:28671805:C:T
1:11764076:G:T
1:25340815:T:A
1:22060405:T:C
1:25822078:G:C
1:63603487:A:G
1:13074356:A:G
1:28375333:A:T
1:19647714:G:A
1:12916752:T:G
1:64205653:T:G
1:13061290:T:G
1:66548503:G:C
1:11189596:A:C
1:66753201:C:T
1:1648115:G:T
1:15807412:G:A
1:23759306:T:G
1:10465417:A:C
1:27773710:G:C
1:70971388:C:A
1:62785553:A:G
1:78621940:A:T
1:65156904:C:T
1:13389753:T:A
1:63441571:A:C
1:1426523:A:C
1:65312965:G:A

------Genome-wide totals------
Total sites expected from filtering expression    : 314
Total sites extracted from all chromosomes        : 314
Total expected and total extracted match          : True

----Per-individual totals-----
Median number of alleles per indv                 : 0.0
Median number of genes affected per indv          : 0.0
Mean number of alleles per indv                   : 0.082
Mean number of genes affected per indv            : 0.082
Max number of alleles                             : 3.0
Number of individuals with at least 1 allele      : 774

---------AC Histogram---------
AC_bin	count
0.0	9226
1.0	727
2.0	45
3.0	2

-------per-ENST Totals--------
ENST	Total_variants
ENST00000373765	1
ENST00000294507	1
ENST00000339394	1
ENST00000426105	1
ENST00000373736	1
ENST00000263694	1
ENST00000344147	1
ENST00000373713	1
ENST00000373709	1
ENST00000271064	1
ENST00000403528	1
ENST00000373672	1
ENST00000373658	1
ENST00000360482	1
ENST00000647444	1
ENST00000327300	1
ENST00000336294	1
ENST00000373625	1
ENST00000373610	1
ENST00000373602	1
ENST00000291358	1
ENST00000409358	1
ENST00000309777	1
ENST00000677711	1
ENST00000373582	1
ENST00000336890	1
ENST00000373548	1
ENST00000329421	1
ENST00000432622	1
ENST00000373534	1
ENST00000455895	1
ENST00000609129	1
ENST00000373510	1
ENST00000468695	1
ENST00000373493	1
ENST00000409190	1
ENST00000401073	1
ENST00000373477	1
ENST00000373475	1
ENST00000373471	1
ENST00000373467	1
ENST00000373463	1
ENST00000672715	1
ENST00000294517	1
ENST00000291416	1
ENST00000539719	1
ENST00000442999	1
ENST00000683057	1
ENST00000684572	1
ENST00000373381	1
ENST00000681531	1
ENST00000488417	1
ENST00000338513	1
ENST00000339480	1
ENST00000373366	1
ENST00000342280	1
ENST00000521580	1
ENST00000373347	1
ENST00000373337	1
ENST00000357182	1
ENST00000359858	1
ENST00000357214	1
ENST00000314607	1
ENST00000325722	1
ENST00000373243	1
ENST00000373235	1
ENST00000373237	1
ENST00000270815	1
ENST00000318121	1
ENST00000373210	1
ENST00000373204	1
ENST00000373191	1
ENST00000207457	1
ENST00000373178	1
ENST00000397799	1
ENST00000373166	1
ENST00000474796	1
ENST00000354618	1
ENST00000453908	1
ENST00000490466	1
ENST00000373132	1
ENST00000315732	1
ENST00000235532	1
ENST00000373116	1
ENST00000373106	1
ENST00000373091	1
ENST00000373087	1
ENST00000296214	1
ENST00000296215	1
ENST00000652629	1
ENST00000373062	1
ENST00000356545	1
ENST00000486637	1
ENST00000373055	1
ENST00000373048	1
ENST00000373045	1
ENST00000373044	1
ENST00000373042	1
ENST00000373036	1
ENST00000373024	1
ENST00000373019	1
ENST00000373016	1
ENST00000373014	1
ENST00000373012	1
ENST00000373001	1
ENST00000397572	1
ENST00000357771	1
ENST00000372990	1
ENST00000432648	1
ENST00000372969	1
ENST00000564288	1
ENST00000331593	1
ENST00000372858	1
ENST00000372852	1
ENST00000235628	1
ENST00000372844	1
ENST00000324379	1
ENST00000372827	1
ENST00000316891	1
ENST00000372816	1
ENST00000372811	1
ENST00000372805	1
ENST00000642050	1
ENST00000372771	1
ENST00000372766	1
ENST00000372759	1
ENST00000372748	1
ENST00000372718	1
ENST00000361584	1
ENST00000372706	1
ENST00000415550	1
ENST00000372699	1
ENST00000372684	1
ENST00000447388	1
ENST00000347132	1
ENST00000372638	1
ENST00000650070	1
ENST00000302946	1
ENST00000695335	1
ENST00000372587	1
ENST00000372583	1
ENST00000372581	1
ENST00000357001	1
ENST00000361346	1
ENST00000431473	1
ENST00000372565	1
ENST00000372561	1
ENST00000657597	1
ENST00000304979	1
ENST00000321358	1
ENST00000296387	1
ENST00000296388	1
ENST00000372525	1
ENST00000637012	1
ENST00000372521	1
ENST00000372517	1
ENST00000651192	1
ENST00000426263	1
ENST00000335282	1
ENST00000236051	1
ENST00000372492	1
ENST00000439858	1
ENST00000523677	1
ENST00000372476	1
ENST00000372470	1
ENST00000310955	1
ENST00000372458	1
ENST00000372457	1
ENST00000634258	1
ENST00000372430	1
ENST00000359947	1
ENST00000372396	1
ENST00000347631	1
ENST00000372359	1
ENST00000372343	1
ENST00000255108	1
ENST00000472174	1
ENST00000372324	1
ENST00000372318	1
ENST00000372310	1
ENST00000372299	1
ENST00000634670	1
ENST00000372289	1
ENST00000372257	1
ENST00000361799	1
ENST00000372237	1
ENST00000535358	1
ENST00000372224	1
ENST00000396651	1
ENST00000372207	1
ENST00000372201	1
ENST00000339355	1
ENST00000450269	1
ENST00000372192	1
ENST00000360403	1
ENST00000372172	1
ENST00000246337	1
ENST00000359600	1
ENST00000334815	1
ENST00000456914	1
ENST00000372086	1
ENST00000629482	1
ENST00000401061	1
ENST00000319248	1
ENST00000351829	1
ENST00000350030	1
ENST00000528266	1
ENST00000355105	1
ENST00000396478	1
ENST00000361297	1
ENST00000262741	1
ENST00000506599	1
ENST00000372003	1
ENST00000371984	1
ENST00000371980	1
ENST00000371975	1
ENST00000617190	1
ENST00000311672	1
ENST00000474844	1
ENST00000243167	1
ENST00000360032	1
ENST00000697682	1
ENST00000481882	1
ENST00000371945	1
ENST00000319928	1
ENST00000574428	1
ENST00000334122	1
ENST00000371933	1
ENST00000371923	1
ENST00000310638	1
ENST00000371901	1
ENST00000334194	1
ENST00000371891	1
ENST00000294338	1
ENST00000691006	1
ENST00000371877	1
ENST00000371873	1
ENST00000335071	1
ENST00000334793	1
ENST00000606738	1
ENST00000438567	1
ENST00000371847	1
ENST00000371839	1
ENST00000371833	1
ENST00000371824	1
ENST00000404795	1
ENST00000396153	1
ENST00000371761	1
ENST00000371759	1
ENST00000242719	1
ENST00000680483	1
ENST00000371733	1
ENST00000428468	1
ENST00000352171	1
ENST00000371655	1
ENST00000371626	1
ENST00000371614	1
ENST00000313334	1
ENST00000287727	1
ENST00000284376	1
ENST00000371568	1
ENST00000257181	1
ENST00000257177	1
ENST00000361314	1
ENST00000517870	1
ENST00000371538	1
ENST00000294353	1
ENST00000371528	1
ENST00000371522	1
ENST00000371514	1
ENST00000312553	1
ENST00000371494	1
ENST00000371486	1
ENST00000294360	1
ENST00000371470	1
ENST00000306052	1
ENST00000371445	1
ENST00000628545	1
ENST00000371429	1
ENST00000072644	1
ENST00000361921	1
ENST00000194214	1
ENST00000371370	1
ENST00000371360	1
ENST00000234831	1
ENST00000234827	1
ENST00000530059	1
ENST00000534324	1
ENST00000360840	1
ENST00000343744	1
ENST00000302250	1
ENST00000421030	1
ENST00000371281	1
ENST00000371279	1
ENST00000371276	1
ENST00000371273	1
ENST00000371269	1
ENST00000371268	1
ENST00000651561	1
ENST00000302118	1
ENST00000294383	1
ENST00000371250	1
ENST00000371244	1
ENST00000343433	1
ENST00000361249	1
ENST00000371237	1
ENST00000371236	1
ENST00000371226	1
ENST00000371225	1
ENST00000472487	1
ENST00000371222	1
ENST00000303721	1
ENST00000371208	1
ENST00000371204	1
