------Overall Statistics------
Total number of variants                          : 22
Maximum missingness                               : 12.300
Maximum Allele Frequency                          : 7.500e-04
Total number of PASS variants                     : 22
Total number of non-PASS variants                 : 0
Number of LOFTEE HC                               : 22

----Consequence statistics----
Number of Parsed Consequence â€“ PTV                : 22
Number of VEP Consequence - PTV&testcsq1&testcsq2                                                                                 : 11
Number of VEP Consequence - PTV&testcsq1                                                                                          : 11

--------Per-gene stats--------
ENST00000361696                                   : 65

Variants not Found:
ENST00000370944
ENST00000691006
ENST00000373016
------Genome-wide totals------
Total sites expected from filtering expression    : 22
Total sites extracted from all chromosomes        : 22
Total expected and total extracted match          : True

----Per-individual totals-----
Median number of alleles per indv                 : 0.0
Median number of genes affected per indv          : 0.0
Mean number of alleles per indv                   : 0.007
Mean number of genes affected per indv            : 0.007
Max number of alleles                             : 1.0
Number of individuals with at least 1 allele      : 72

---------AC Histogram---------
AC_bin	count
0.0	9928
1.0	72

-------per-ENST Totals--------
ENST	Total_variants
ENST00000361696	22
