------Overall Statistics------
Total number of variants                          : 1689
Maximum missingness                               : 12.300
Maximum Allele Frequency                          : 9.500e-04
Total number of PASS variants                     : 1689
Total number of non-PASS variants                 : 0
Number of LOFTEE HC                               : 1689

----Consequence statistics----
Number of Parsed Consequence â€“ PTV                : 1689
Number of VEP Consequence - PTV&testcsq1                                                                                          : 864
Number of VEP Consequence - PTV&testcsq1&testcsq2                                                                                 : 825

------Genome-wide totals------
Total sites expected from filtering expression    : 1689
Total sites extracted from all chromosomes        : 1689
Total expected and total extracted match          : True

----Per-individual totals-----
Median number of alleles per indv                 : 0.0
Median number of genes affected per indv          : 0.0
Mean number of alleles per indv                   : 0.481
Mean number of genes affected per indv            : 0.479
Max number of alleles                             : 5.0
Number of individuals with at least 1 allele      : 3806

---------AC Histogram---------
AC_bin	count
0.0	6194
1.0	2952
2.0	720
3.0	118
4.0	15
5.0	1

-------per-ENST Totals--------
ENST	Total_variants
ENST00000371201	8
ENST00000403491	18
ENST00000606498	13
ENST00000642238	10
ENST00000498273	6
ENST00000371153	1
ENST00000339950	14
ENST00000635253	13
ENST00000371129	15
ENST00000317868	19
ENST00000371116	1
ENST00000271002	44
ENST00000371088	14
ENST00000371084	15
ENST00000371079	6
ENST00000371077	27
ENST00000651257	24
ENST00000294428	10
ENST00000342505	9
ENST00000327299	22
ENST00000371069	27
ENST00000371065	7
ENST00000349533	12
ENST00000341517	20
ENST00000371037	11
ENST00000282670	14
ENST00000304526	45
ENST00000371026	1
ENST00000401041	6
ENST00000235345	7
ENST00000684719	14
ENST00000347310	69
ENST00000674203	6
ENST00000361219	5
ENST00000370986	15
ENST00000370982	13
ENST00000646789	5
ENST00000262348	8
ENST00000262340	12
ENST00000456315	5
ENST00000651989	3
ENST00000370952	15
ENST00000370949	13
ENST00000370944	7
ENST00000370938	19
ENST00000306666	44
ENST00000370920	7
ENST00000357731	2
ENST00000354431	4
ENST00000370898	4
ENST00000326637	19
ENST00000294635	16
ENST00000326665	14
ENST00000340866	9
ENST00000370867	2
ENST00000356261	9
ENST00000370859	1
ENST00000370841	10
ENST00000319942	42
ENST00000284142	10
ENST00000328299	2
ENST00000477717	2
ENST00000370812	1
ENST00000354567	1
ENST00000370801	2
ENST00000370794	45
ENST00000370791	46
ENST00000334785	5
ENST00000370768	5
ENST00000370763	2
ENST00000370759	12
ENST00000370757	22
ENST00000370751	8
ENST00000370747	39
ENST00000370742	19
ENST00000686636	37
ENST00000260505	16
ENST00000370685	7
ENST00000394834	6
ENST00000370665	9
ENST00000370654	3
ENST00000370645	8
ENST00000699524	4
ENST00000370630	17
ENST00000342203	4
ENST00000370611	38
ENST00000370608	7
ENST00000370589	3
ENST00000294664	23
ENST00000341460	16
ENST00000471115	4
ENST00000648566	20
ENST00000284031	6
ENST00000451137	30
ENST00000370574	6
ENST00000370571	13
ENST00000460698	7
ENST00000370565	3
ENST00000394711	19
ENST00000370563	44
ENST00000370558	11
ENST00000331835	18
ENST00000370550	45
ENST00000370544	9
ENST00000370521	9
ENST00000370500	13
ENST00000260508	2
ENST00000652648	11
ENST00000370481	34
ENST00000370473	14
ENST00000370466	3
ENST00000294671	31
ENST00000355754	15
ENST00000370459	9
ENST00000370456	15
ENST00000330947	15
ENST00000370454	7
ENST00000337338	26
