------Overall Statistics------
Total number of variants                          : 4998
Maximum missingness                               : 12.300
Maximum Allele Frequency                          : 9.500e-04
Total number of PASS variants                     : 4998
Total number of non-PASS variants                 : 0
Number of LOFTEE HC                               : 4998

----Consequence statistics----
Number of Parsed Consequence â€“ PTV                : 4998
Number of VEP Consequence - PTV&testcsq1&testcsq2                                                                                 : 2506
Number of VEP Consequence - PTV&testcsq1                                                                                          : 2492

------Genome-wide totals------
Total sites expected from filtering expression    : 4998
Total sites extracted from all chromosomes        : 4998
Total expected and total extracted match          : True

----Per-individual totals-----
Median number of alleles per indv                 : 1.0
Median number of genes affected per indv          : 1.0
Mean number of alleles per indv                   : 1.467
Mean number of genes affected per indv            : 1.462
Max number of alleles                             : 8.0
Number of individuals with at least 1 allele      : 7671

---------AC Histogram---------
AC_bin	count
0.0	2329
1.0	3394
2.0	2404
3.0	1236
4.0	470
5.0	125
6.0	36
7.0	5
8.0	1

-------per-ENST Totals--------
ENST	Total_variants
ENST00000373765	6
ENST00000294507	56
ENST00000339394	15
ENST00000426105	5
ENST00000373736	12
ENST00000263694	16
ENST00000344147	8
ENST00000373713	7
ENST00000373709	3
ENST00000271064	13
ENST00000403528	7
ENST00000373672	44
ENST00000373658	4
ENST00000360482	18
ENST00000647444	32
ENST00000327300	9
ENST00000336294	25
ENST00000373625	2
ENST00000373610	24
ENST00000373602	7
ENST00000291358	5
ENST00000409358	24
ENST00000309777	13
ENST00000677711	17
ENST00000373582	28
ENST00000336890	10
ENST00000373548	5
ENST00000329421	86
ENST00000432622	11
ENST00000373534	7
ENST00000455895	26
ENST00000609129	61
ENST00000373510	28
ENST00000468695	6
ENST00000373493	28
ENST00000409190	3
ENST00000401073	11
ENST00000373477	2
ENST00000373475	28
ENST00000373471	37
ENST00000373467	3
ENST00000373463	50
ENST00000672715	28
ENST00000294517	9
ENST00000291416	1
ENST00000539719	8
ENST00000442999	17
ENST00000683057	18
ENST00000684572	39
ENST00000373381	25
ENST00000681531	38
ENST00000488417	10
ENST00000338513	2
ENST00000339480	8
ENST00000373366	9
ENST00000342280	3
ENST00000521580	17
ENST00000373347	39
ENST00000373337	4
ENST00000357182	3
ENST00000359858	14
ENST00000357214	11
ENST00000314607	12
ENST00000325722	62
ENST00000373243	12
ENST00000373235	7
ENST00000373237	5
ENST00000270815	2
ENST00000318121	3
ENST00000373210	7
ENST00000373204	12
ENST00000373191	23
ENST00000207457	14
ENST00000373178	3
ENST00000397799	26
ENST00000373166	14
ENST00000474796	2
ENST00000354618	7
ENST00000453908	3
ENST00000490466	7
ENST00000373132	49
ENST00000315732	17
ENST00000235532	4
ENST00000373116	36
ENST00000373106	11
ENST00000373091	40
ENST00000373087	4
ENST00000296214	42
ENST00000296215	22
ENST00000652629	30
ENST00000373062	12
ENST00000356545	7
ENST00000486637	2
ENST00000373055	14
ENST00000373048	28
ENST00000373045	4
ENST00000373044	16
ENST00000373042	6
ENST00000373036	19
ENST00000373024	4
ENST00000373019	20
ENST00000373016	2
ENST00000373014	10
ENST00000373012	3
ENST00000373001	36
ENST00000397572	1
ENST00000357771	3
ENST00000372990	4
ENST00000432648	8
ENST00000372969	16
ENST00000564288	12
ENST00000331593	4
ENST00000372858	15
ENST00000372852	11
ENST00000235628	3
ENST00000372844	30
ENST00000324379	3
ENST00000372827	4
ENST00000316891	16
ENST00000372816	11
ENST00000372811	27
ENST00000372805	14
ENST00000642050	29
ENST00000372771	14
ENST00000372766	4
ENST00000372759	11
ENST00000372748	6
ENST00000372718	36
ENST00000361584	18
ENST00000372706	23
ENST00000415550	6
ENST00000372699	13
ENST00000372684	21
ENST00000447388	2
ENST00000347132	15
ENST00000372638	14
ENST00000650070	27
ENST00000302946	8
ENST00000695335	24
ENST00000372587	23
ENST00000372583	1
ENST00000372581	24
ENST00000357001	24
ENST00000361346	22
ENST00000431473	9
ENST00000372565	2
ENST00000372561	2
ENST00000657597	15
ENST00000304979	17
ENST00000321358	17
ENST00000296387	27
ENST00000296388	12
ENST00000372525	69
ENST00000637012	3
ENST00000372521	12
ENST00000372517	22
ENST00000651192	11
ENST00000426263	8
ENST00000335282	35
ENST00000236051	2
ENST00000372492	15
ENST00000439858	7
ENST00000523677	26
ENST00000372476	18
ENST00000372470	18
ENST00000310955	39
ENST00000372458	26
ENST00000372457	10
ENST00000634258	4
ENST00000372430	25
ENST00000359947	33
ENST00000372396	4
ENST00000347631	28
ENST00000372359	37
ENST00000372343	10
ENST00000255108	17
ENST00000472174	7
ENST00000372324	20
ENST00000372318	2
ENST00000372310	18
ENST00000372299	3
ENST00000634670	10
ENST00000372289	10
ENST00000372257	33
ENST00000361799	15
ENST00000372237	24
ENST00000535358	5
ENST00000372224	24
ENST00000396651	15
ENST00000372207	28
ENST00000372201	2
ENST00000339355	43
ENST00000450269	23
ENST00000372192	1
ENST00000360403	24
ENST00000372172	10
ENST00000246337	12
ENST00000359600	35
ENST00000334815	9
ENST00000456914	54
ENST00000372086	16
ENST00000629482	25
ENST00000401061	9
ENST00000319248	1
ENST00000351829	4
ENST00000350030	7
ENST00000528266	6
ENST00000355105	13
ENST00000396478	6
ENST00000361297	1
ENST00000262741	56
ENST00000506599	2
ENST00000372003	9
ENST00000371984	17
ENST00000371980	15
ENST00000371975	27
ENST00000617190	4
ENST00000311672	2
ENST00000474844	35
ENST00000243167	18
ENST00000360032	23
ENST00000697682	12
ENST00000481882	4
ENST00000371945	14
ENST00000319928	6
ENST00000574428	43
ENST00000334122	22
ENST00000371933	10
ENST00000371923	79
ENST00000310638	34
ENST00000371901	3
ENST00000334194	1
ENST00000371891	25
ENST00000294338	19
ENST00000691006	3
ENST00000371877	6
ENST00000371873	12
ENST00000335071	46
ENST00000334793	17
ENST00000606738	30
ENST00000438567	5
ENST00000371847	42
ENST00000371839	30
ENST00000371833	7
ENST00000371824	20
ENST00000404795	17
ENST00000396153	27
ENST00000371761	18
ENST00000371759	7
ENST00000242719	2
ENST00000680483	8
ENST00000371733	13
ENST00000428468	47
ENST00000352171	67
ENST00000371655	10
ENST00000371626	24
ENST00000371614	2
ENST00000313334	3
ENST00000287727	3
ENST00000284376	4
ENST00000371568	10
ENST00000257181	36
ENST00000257177	29
ENST00000361314	26
ENST00000517870	15
ENST00000371538	5
ENST00000294353	6
ENST00000371528	2
ENST00000371522	17
ENST00000371514	6
ENST00000312553	3
ENST00000371494	5
ENST00000371486	1
ENST00000294360	29
ENST00000371470	15
ENST00000306052	5
ENST00000371445	30
ENST00000628545	11
ENST00000371429	11
ENST00000072644	26
ENST00000361921	5
ENST00000194214	28
ENST00000371370	7
ENST00000371360	5
ENST00000234831	14
ENST00000234827	3
ENST00000530059	3
ENST00000534324	10
ENST00000360840	1
ENST00000343744	21
ENST00000302250	15
ENST00000421030	12
ENST00000371281	9
ENST00000371279	9
ENST00000371276	5
ENST00000371273	14
ENST00000371269	24
ENST00000371268	9
ENST00000651561	18
ENST00000302118	14
ENST00000294383	2
ENST00000371250	10
ENST00000371244	5
ENST00000343433	3
ENST00000361249	11
ENST00000371237	28
ENST00000371236	19
ENST00000371226	2
ENST00000371225	1
ENST00000472487	6
ENST00000371222	7
ENST00000303721	12
ENST00000371208	19
ENST00000371204	3
