------Overall Statistics------
Total number of variants                          : 826
Maximum missingness                               : 12.300
Maximum Allele Frequency                          : 9.500e-04
Minimum CADD Score                                : 0.456
Minimum REVEL Score                               : 0.000
Number of NA REVEL Scores                         : 826
Total number of PASS variants                     : 826
Total number of non-PASS variants                 : 0
Number of LOFTEE HC                               : 826

----Consequence statistics----
Number of Parsed Consequence â€“ PTV                : 826
Number of VEP Consequence - PTV&testcsq1&testcsq2                                                                                 : 397
Number of VEP Consequence - PTV&testcsq1                                                                                          : 429

Total variants found                              : 826
Total variants not found                          : 0
Variants not Found:

------Genome-wide totals------
Total sites expected from filtering expression    : 826
Total sites extracted from all chromosomes        : 118
Total expected and total extracted match          : False

----Per-individual totals-----
Median number of alleles per indv                 : 0.0
Median number of genes affected per indv          : 0.0
Mean number of alleles per indv                   : 0.038
Mean number of genes affected per indv            : 0.038
Max number of alleles                             : 2.0
Number of individuals with at least 1 allele      : 371

---------AC Histogram---------
AC_bin	count
0.0	9629
1.0	365
2.0	6

-------per-ENST Totals--------
ENST	Total_variants
ENST00000371201	1
ENST00000403491	1
ENST00000606498	1
ENST00000642238	1
ENST00000498273	1
ENST00000371153	1
ENST00000339950	1
ENST00000635253	1
ENST00000371129	1
ENST00000317868	1
ENST00000371116	1
ENST00000271002	1
ENST00000371088	1
ENST00000371084	1
ENST00000371079	1
ENST00000371077	1
ENST00000651257	1
ENST00000294428	1
ENST00000342505	1
ENST00000327299	1
ENST00000371069	1
ENST00000371065	1
ENST00000349533	1
ENST00000341517	1
ENST00000371037	1
ENST00000282670	1
ENST00000304526	1
ENST00000371026	1
ENST00000401041	1
ENST00000235345	1
ENST00000684719	1
ENST00000347310	1
ENST00000674203	1
ENST00000361219	1
ENST00000370986	1
ENST00000370982	1
ENST00000646789	1
ENST00000262348	1
ENST00000262340	1
ENST00000456315	1
ENST00000651989	1
ENST00000370952	1
ENST00000370949	1
ENST00000370944	1
ENST00000370938	1
ENST00000306666	1
ENST00000370920	1
ENST00000357731	1
ENST00000354431	1
ENST00000370898	1
ENST00000326637	1
ENST00000294635	1
ENST00000326665	1
ENST00000340866	1
ENST00000370867	1
ENST00000356261	1
ENST00000370859	1
ENST00000370841	1
ENST00000319942	1
ENST00000284142	1
ENST00000328299	1
ENST00000477717	1
ENST00000370812	1
ENST00000354567	1
ENST00000370801	1
ENST00000370794	1
ENST00000370791	1
ENST00000334785	1
ENST00000370768	1
ENST00000370763	1
ENST00000370759	1
ENST00000370757	1
ENST00000370751	1
ENST00000370747	1
ENST00000370742	1
ENST00000686636	1
ENST00000260505	1
ENST00000370685	1
ENST00000394834	1
ENST00000370665	1
ENST00000370654	1
ENST00000370645	1
ENST00000699524	1
ENST00000370630	1
ENST00000342203	1
ENST00000370611	1
ENST00000370608	1
ENST00000370589	1
ENST00000294664	1
ENST00000341460	1
ENST00000471115	1
ENST00000648566	1
ENST00000284031	1
ENST00000451137	1
ENST00000370574	1
ENST00000370571	1
ENST00000460698	1
ENST00000370565	1
ENST00000394711	1
ENST00000370563	1
ENST00000370558	1
ENST00000331835	1
ENST00000370550	1
ENST00000370544	1
ENST00000370521	1
ENST00000370500	1
ENST00000260508	1
ENST00000652648	1
ENST00000370481	1
ENST00000370473	1
ENST00000370466	1
ENST00000294671	1
ENST00000355754	1
ENST00000370459	1
ENST00000370456	1
ENST00000330947	1
ENST00000370454	1
ENST00000337338	1
------Genome-wide totals------
Total sites expected from filtering expression    : 826
Total sites extracted from all chromosomes        : 314
Total expected and total extracted match          : False

----Per-individual totals-----
Median number of alleles per indv                 : 0.0
Median number of genes affected per indv          : 0.0
Mean number of alleles per indv                   : 0.082
Mean number of genes affected per indv            : 0.082
Max number of alleles                             : 3.0
Number of individuals with at least 1 allele      : 774

---------AC Histogram---------
AC_bin	count
0.0	9226
1.0	727
2.0	45
3.0	2

-------per-ENST Totals--------
ENST	Total_variants
ENST00000373765	1
ENST00000294507	1
ENST00000339394	1
ENST00000426105	1
ENST00000373736	1
ENST00000263694	1
ENST00000344147	1
ENST00000373713	1
ENST00000373709	1
ENST00000271064	1
ENST00000403528	1
ENST00000373672	1
ENST00000373658	1
ENST00000360482	1
ENST00000647444	1
ENST00000327300	1
ENST00000336294	1
ENST00000373625	1
ENST00000373610	1
ENST00000373602	1
ENST00000291358	1
ENST00000409358	1
ENST00000309777	1
ENST00000677711	1
ENST00000373582	1
ENST00000336890	1
ENST00000373548	1
ENST00000329421	1
ENST00000432622	1
ENST00000373534	1
ENST00000455895	1
ENST00000609129	1
ENST00000373510	1
ENST00000468695	1
ENST00000373493	1
ENST00000409190	1
ENST00000401073	1
ENST00000373477	1
ENST00000373475	1
ENST00000373471	1
ENST00000373467	1
ENST00000373463	1
ENST00000672715	1
ENST00000294517	1
ENST00000291416	1
ENST00000539719	1
ENST00000442999	1
ENST00000683057	1
ENST00000684572	1
ENST00000373381	1
ENST00000681531	1
ENST00000488417	1
ENST00000338513	1
ENST00000339480	1
ENST00000373366	1
ENST00000342280	1
ENST00000521580	1
ENST00000373347	1
ENST00000373337	1
ENST00000357182	1
ENST00000359858	1
ENST00000357214	1
ENST00000314607	1
ENST00000325722	1
ENST00000373243	1
ENST00000373235	1
ENST00000373237	1
ENST00000270815	1
ENST00000318121	1
ENST00000373210	1
ENST00000373204	1
ENST00000373191	1
ENST00000207457	1
ENST00000373178	1
ENST00000397799	1
ENST00000373166	1
ENST00000474796	1
ENST00000354618	1
ENST00000453908	1
ENST00000490466	1
ENST00000373132	1
ENST00000315732	1
ENST00000235532	1
ENST00000373116	1
ENST00000373106	1
ENST00000373091	1
ENST00000373087	1
ENST00000296214	1
ENST00000296215	1
ENST00000652629	1
ENST00000373062	1
ENST00000356545	1
ENST00000486637	1
ENST00000373055	1
ENST00000373048	1
ENST00000373045	1
ENST00000373044	1
ENST00000373042	1
ENST00000373036	1
ENST00000373024	1
ENST00000373019	1
ENST00000373016	1
ENST00000373014	1
ENST00000373012	1
ENST00000373001	1
ENST00000397572	1
ENST00000357771	1
ENST00000372990	1
ENST00000432648	1
ENST00000372969	1
ENST00000564288	1
ENST00000331593	1
ENST00000372858	1
ENST00000372852	1
ENST00000235628	1
ENST00000372844	1
ENST00000324379	1
ENST00000372827	1
ENST00000316891	1
ENST00000372816	1
ENST00000372811	1
ENST00000372805	1
ENST00000642050	1
ENST00000372771	1
ENST00000372766	1
ENST00000372759	1
ENST00000372748	1
ENST00000372718	1
ENST00000361584	1
ENST00000372706	1
ENST00000415550	1
ENST00000372699	1
ENST00000372684	1
ENST00000447388	1
ENST00000347132	1
ENST00000372638	1
ENST00000650070	1
ENST00000302946	1
ENST00000695335	1
ENST00000372587	1
ENST00000372583	1
ENST00000372581	1
ENST00000357001	1
ENST00000361346	1
ENST00000431473	1
ENST00000372565	1
ENST00000372561	1
ENST00000657597	1
ENST00000304979	1
ENST00000321358	1
ENST00000296387	1
ENST00000296388	1
ENST00000372525	1
ENST00000637012	1
ENST00000372521	1
ENST00000372517	1
ENST00000651192	1
ENST00000426263	1
ENST00000335282	1
ENST00000236051	1
ENST00000372492	1
ENST00000439858	1
ENST00000523677	1
ENST00000372476	1
ENST00000372470	1
ENST00000310955	1
ENST00000372458	1
ENST00000372457	1
ENST00000634258	1
ENST00000372430	1
ENST00000359947	1
ENST00000372396	1
ENST00000347631	1
ENST00000372359	1
ENST00000372343	1
ENST00000255108	1
ENST00000472174	1
ENST00000372324	1
ENST00000372318	1
ENST00000372310	1
ENST00000372299	1
ENST00000634670	1
ENST00000372289	1
ENST00000372257	1
ENST00000361799	1
ENST00000372237	1
ENST00000535358	1
ENST00000372224	1
ENST00000396651	1
ENST00000372207	1
ENST00000372201	1
ENST00000339355	1
ENST00000450269	1
ENST00000372192	1
ENST00000360403	1
ENST00000372172	1
ENST00000246337	1
ENST00000359600	1
ENST00000334815	1
ENST00000456914	1
ENST00000372086	1
ENST00000629482	1
ENST00000401061	1
ENST00000319248	1
ENST00000351829	1
ENST00000350030	1
ENST00000528266	1
ENST00000355105	1
ENST00000396478	1
ENST00000361297	1
ENST00000262741	1
ENST00000506599	1
ENST00000372003	1
ENST00000371984	1
ENST00000371980	1
ENST00000371975	1
ENST00000617190	1
ENST00000311672	1
ENST00000474844	1
ENST00000243167	1
ENST00000360032	1
ENST00000697682	1
ENST00000481882	1
ENST00000371945	1
ENST00000319928	1
ENST00000574428	1
ENST00000334122	1
ENST00000371933	1
ENST00000371923	1
ENST00000310638	1
ENST00000371901	1
ENST00000334194	1
ENST00000371891	1
ENST00000294338	1
ENST00000691006	1
ENST00000371877	1
ENST00000371873	1
ENST00000335071	1
ENST00000334793	1
ENST00000606738	1
ENST00000438567	1
ENST00000371847	1
ENST00000371839	1
ENST00000371833	1
ENST00000371824	1
ENST00000404795	1
ENST00000396153	1
ENST00000371761	1
ENST00000371759	1
ENST00000242719	1
ENST00000680483	1
ENST00000371733	1
ENST00000428468	1
ENST00000352171	1
ENST00000371655	1
ENST00000371626	1
ENST00000371614	1
ENST00000313334	1
ENST00000287727	1
ENST00000284376	1
ENST00000371568	1
ENST00000257181	1
ENST00000257177	1
ENST00000361314	1
ENST00000517870	1
ENST00000371538	1
ENST00000294353	1
ENST00000371528	1
ENST00000371522	1
ENST00000371514	1
ENST00000312553	1
ENST00000371494	1
ENST00000371486	1
ENST00000294360	1
ENST00000371470	1
ENST00000306052	1
ENST00000371445	1
ENST00000628545	1
ENST00000371429	1
ENST00000072644	1
ENST00000361921	1
ENST00000194214	1
ENST00000371370	1
ENST00000371360	1
ENST00000234831	1
ENST00000234827	1
ENST00000530059	1
ENST00000534324	1
ENST00000360840	1
ENST00000343744	1
ENST00000302250	1
ENST00000421030	1
ENST00000371281	1
ENST00000371279	1
ENST00000371276	1
ENST00000371273	1
ENST00000371269	1
ENST00000371268	1
ENST00000651561	1
ENST00000302118	1
ENST00000294383	1
ENST00000371250	1
ENST00000371244	1
ENST00000343433	1
ENST00000361249	1
ENST00000371237	1
ENST00000371236	1
ENST00000371226	1
ENST00000371225	1
ENST00000472487	1
ENST00000371222	1
ENST00000303721	1
ENST00000371208	1
ENST00000371204	1
------Genome-wide totals------
Total sites expected from filtering expression    : 826
Total sites extracted from all chromosomes        : 394
Total expected and total extracted match          : False

----Per-individual totals-----
Median number of alleles per indv                 : 0.0
Median number of genes affected per indv          : 0.0
Mean number of alleles per indv                   : 0.110
Mean number of genes affected per indv            : 0.110
Max number of alleles                             : 3.0
Number of individuals with at least 1 allele      : 1046

---------AC Histogram---------
AC_bin	count
0.0	8954
1.0	996
2.0	47
3.0	3

-------per-ENST Totals--------
ENST	Total_variants
ENST00000641515	1
ENST00000426406	1
ENST00000332831	1
ENST00000616016	1
ENST00000327044	1
ENST00000338591	1
ENST00000379410	1
ENST00000433179	1
ENST00000304952	1
ENST00000649529	1
ENST00000379370	1
ENST00000453464	1
ENST00000421241	1
ENST00000379268	1
ENST00000379236	1
ENST00000360001	1
ENST00000379198	1
ENST00000330388	1
ENST00000349431	1
ENST00000379116	1
ENST00000354700	1
ENST00000379031	1
ENST00000435064	1
ENST00000343938	1
ENST00000339381	1
ENST00000378888	1
ENST00000309212	1
ENST00000338338	1
ENST00000400809	1
ENST00000344843	1
ENST00000537107	1
ENST00000378821	1
ENST00000476993	1
ENST00000378785	1
ENST00000673477	1
ENST00000378756	1
ENST00000378733	1
ENST00000291386	1
ENST00000422725	1
ENST00000355826	1
ENST00000356026	1
ENST00000341832	1
ENST00000617444	1
ENST00000404249	1
ENST00000341426	1
ENST00000378609	1
ENST00000307786	1
ENST00000310991	1
ENST00000682832	1
ENST00000378585	1
ENST00000378567	1
ENST00000378546	1
ENST00000378536	1
ENST00000378531	1
ENST00000605895	1
ENST00000447513	1
ENST00000378486	1
ENST00000378466	1
ENST00000378453	1
ENST00000355716	1
ENST00000419916	1
ENST00000378412	1
ENST00000401095	1
ENST00000378404	1
ENST00000270722	1
ENST00000378378	1
ENST00000356575	1
ENST00000378344	1
ENST00000270708	1
ENST00000378295	1
ENST00000294600	1
ENST00000642557	1
ENST00000378251	1
ENST00000378230	1
ENST00000378209	1
ENST00000361605	1
ENST00000378191	1
ENST00000378156	1
ENST00000378083	1
ENST00000262450	1
ENST00000234875	1
ENST00000377939	1
ENST00000343813	1
ENST00000377898	1
ENST00000377893	1
ENST00000361521	1
ENST00000377834	1
ENST00000645284	1
ENST00000356876	1
ENST00000377728	1
ENST00000377705	1
ENST00000333172	1
ENST00000377658	1
ENST00000377648	1
ENST00000054650	1
ENST00000377577	1
ENST00000303635	1
ENST00000054666	1
ENST00000377532	1
ENST00000361696	1
ENST00000377507	1
ENST00000338639	1
ENST00000377482	1
ENST00000471889	1
ENST00000400908	1
ENST00000234590	1
ENST00000377443	1
ENST00000400906	1
ENST00000377424	1
ENST00000377411	1
ENST00000377403	1
ENST00000328089	1
ENST00000302692	1
ENST00000340381	1
ENST00000377346	1
ENST00000377298	1
ENST00000377263	1
ENST00000377223	1
ENST00000377205	1
ENST00000294435	1
ENST00000343090	1
ENST00000676179	1
ENST00000270776	1
ENST00000309048	1
ENST00000377049	1
ENST00000377038	1
ENST00000356607	1
ENST00000377022	1
ENST00000377004	1
ENST00000240185	1
ENST00000400897	1
ENST00000376957	1
ENST00000376936	1
ENST00000361445	1
ENST00000376819	1
ENST00000376810	1
ENST00000294484	1
ENST00000354287	1
ENST00000251547	1
ENST00000376753	1
ENST00000376692	1
ENST00000294485	1
ENST00000314340	1
ENST00000688073	1
ENST00000376590	1
ENST00000346436	1
ENST00000376480	1
ENST00000376468	1
ENST00000376572	1
ENST00000196061	1
ENST00000235329	1
ENST00000235332	1
ENST00000263932	1
ENST00000376259	1
ENST00000620676	1
ENST00000616661	1
ENST00000376221	1
ENST00000359318	1
ENST00000614859	1
ENST00000357726	1
ENST00000332296	1
ENST00000619922	1
ENST00000317869	1
ENST00000240189	1
ENST00000235349	1
ENST00000235347	1
ENST00000697200	1
ENST00000376189	1
ENST00000436041	1
ENST00000617807	1
ENST00000619661	1
ENST00000621994	1
ENST00000624207	1
ENST00000323770	1
ENST00000415919	1
ENST00000625019	1
ENST00000624297	1
ENST00000622421	1
ENST00000357367	1
ENST00000437300	1
ENST00000376152	1
ENST00000334600	1
ENST00000376101	1
ENST00000376098	1
ENST00000602960	1
ENST00000376085	1
ENST00000621990	1
ENST00000311066	1
ENST00000376008	1
ENST00000688493	1
ENST00000375980	1
ENST00000375949	1
ENST00000359621	1
ENST00000375910	1
ENST00000333868	1
ENST00000375847	1
ENST00000375826	1
ENST00000480945	1
ENST00000345034	1
ENST00000375799	1
ENST00000294454	1
ENST00000375782	1
ENST00000375766	1
ENST00000696689	1
ENST00000375759	1
ENST00000375743	1
ENST00000329454	1
ENST00000311890	1
ENST00000331433	1
ENST00000375679	1
ENST00000375662	1
ENST00000358432	1
ENST00000270747	1
ENST00000375599	1
ENST00000375592	1
ENST00000401088	1
ENST00000335496	1
ENST00000337132	1
ENST00000375541	1
ENST00000375535	1
ENST00000326735	1
ENST00000375499	1
ENST00000375486	1
ENST00000375471	1
ENST00000375460	1
ENST00000375448	1
ENST00000619609	1
ENST00000375436	1
ENST00000361221	1
ENST00000375406	1
ENST00000251296	1
ENST00000400664	1
ENST00000420770	1
ENST00000375371	1
ENST00000375341	1
ENST00000455833	1
ENST00000375254	1
ENST00000477853	1
ENST00000330263	1
ENST00000361640	1
ENST00000235835	1
ENST00000375153	1
ENST00000264202	1
ENST00000322753	1
ENST00000375136	1
ENST00000289753	1
ENST00000294543	1
ENST00000375121	1
ENST00000375120	1
ENST00000375116	1
ENST00000482011	1
ENST00000375108	1
ENST00000375105	1
ENST00000375102	1
ENST00000679259	1
ENST00000375099	1
ENST00000289815	1
ENST00000375078	1
ENST00000332947	1
ENST00000375071	1
ENST00000321556	1
ENST00000602624	1
ENST00000400463	1
ENST00000444387	1
ENST00000438032	1
ENST00000602326	1
ENST00000374893	1
ENST00000318249	1
ENST00000374840	1
ENST00000374765	1
ENST00000308271	1
ENST00000344642	1
ENST00000374695	1
ENST00000337107	1
ENST00000290122	1
ENST00000656825	1
ENST00000290167	1
ENST00000375647	1
ENST00000166244	1
ENST00000374642	1
ENST00000374640	1
ENST00000509305	1
ENST00000374630	1
ENST00000426928	1
ENST00000566855	1
ENST00000400181	1
ENST00000374619	1
ENST00000302271	1
ENST00000314011	1
ENST00000450454	1
ENST00000336689	1
ENST00000361729	1
ENST00000374561	1
ENST00000643754	1
ENST00000613537	1
ENST00000246151	1
ENST00000374514	1
ENST00000374490	1
ENST00000374479	1
ENST00000374472	1
ENST00000334351	1
ENST00000492112	1
ENST00000374434	1
ENST00000270800	1
ENST00000327535	1
ENST00000361548	1
ENST00000337248	1
ENST00000374399	1
ENST00000374395	1
ENST00000374392	1
ENST00000323848	1
ENST00000374379	1
ENST00000308873	1
ENST00000236273	1
ENST00000243189	1
ENST00000328664	1
ENST00000374358	1
ENST00000294413	1
ENST00000374343	1
ENST00000374338	1
ENST00000374332	1
ENST00000361547	1
ENST00000374303	1
ENST00000374298	1
ENST00000675840	1
ENST00000455785	1
ENST00000374282	1
ENST00000374280	1
ENST00000374276	1
ENST00000374272	1
ENST00000374269	1
ENST00000374268	1
ENST00000634842	1
ENST00000433939	1
ENST00000374266	1
ENST00000361530	1
ENST00000456354	1
ENST00000451429	1
ENST00000270792	1
ENST00000374222	1
ENST00000374213	1
ENST00000308182	1
ENST00000349618	1
ENST00000326279	1
ENST00000236342	1
ENST00000361427	1
ENST00000374168	1
ENST00000324856	1
ENST00000674202	1
ENST00000374142	1
ENST00000339276	1
ENST00000374135	1
ENST00000361720	1
ENST00000254227	1
ENST00000321265	1
ENST00000320567	1
ENST00000522111	1
ENST00000289166	1
ENST00000263980	1
ENST00000319394	1
ENST00000374076	1
ENST00000616558	1
ENST00000357582	1
ENST00000270879	1
ENST00000374030	1
ENST00000374024	1
ENST00000618852	1
ENST00000673934	1
ENST00000374005	1
ENST00000361157	1
ENST00000373954	1
ENST00000373943	1
ENST00000311772	1
ENST00000373921	1
ENST00000373912	1
ENST00000373871	1
ENST00000373857	1
ENST00000263697	1
ENST00000335514	1
ENST00000253063	1
ENST00000373842	1
ENST00000373839	1
ENST00000683442	1
ENST00000373830	1
ENST00000465518	1
ENST00000373824	1
ENST00000373816	1
ENST00000373812	1
ENST00000234961	1
ENST00000343067	1
ENST00000521452	1
ENST00000373795	1
ENST00000263702	1
ENST00000373779	1
