------Overall Statistics------
Total number of variants                          : 826
Maximum missingness                               : 12.300
Maximum Allele Frequency                          : 9.500e-04
Total number of PASS variants                     : 826
Total number of non-PASS variants                 : 0
Number of LOFTEE HC                               : 826

----Consequence statistics----
Number of Parsed Consequence â€“ PTV                : 826
Number of VEP Consequence - PTV&testcsq1                                                                                          : 429
Number of VEP Consequence - PTV&testcsq1&testcsq2                                                                                 : 397

Total variants found                              : 826
Total variants not found                          : 0
Variants not Found:

------Genome-wide totals------
Total sites expected from filtering expression    : 826
Total sites extracted from all chromosomes        : 118
Total expected and total extracted match          : False

----Per-individual totals-----
Median number of alleles per indv                 : 0.0
Median number of genes affected per indv          : 0.0
Mean number of alleles per indv                   : 0.038
Mean number of genes affected per indv            : 0.038
Max number of alleles                             : 2.0
Number of individuals with at least 1 allele      : 371

---------AC Histogram---------
AC_bin	count
0.0	9629
1.0	365
2.0	6

-------per-ENST Totals--------
ENST	Total_variants
ENST00000371201	1
ENST00000403491	1
ENST00000606498	1
ENST00000642238	1
ENST00000498273	1
ENST00000371153	1
ENST00000339950	1
ENST00000635253	1
ENST00000371129	1
ENST00000317868	1
ENST00000371116	1
ENST00000271002	1
ENST00000371088	1
ENST00000371084	1
ENST00000371079	1
ENST00000371077	1
ENST00000651257	1
ENST00000294428	1
ENST00000342505	1
ENST00000327299	1
ENST00000371069	1
ENST00000371065	1
ENST00000349533	1
ENST00000341517	1
ENST00000371037	1
ENST00000282670	1
ENST00000304526	1
ENST00000371026	1
ENST00000401041	1
ENST00000235345	1
ENST00000684719	1
ENST00000347310	1
ENST00000674203	1
ENST00000361219	1
ENST00000370986	1
ENST00000370982	1
ENST00000646789	1
ENST00000262348	1
ENST00000262340	1
ENST00000456315	1
ENST00000651989	1
ENST00000370952	1
ENST00000370949	1
ENST00000370944	1
ENST00000370938	1
ENST00000306666	1
ENST00000370920	1
ENST00000357731	1
ENST00000354431	1
ENST00000370898	1
ENST00000326637	1
ENST00000294635	1
ENST00000326665	1
ENST00000340866	1
ENST00000370867	1
ENST00000356261	1
ENST00000370859	1
ENST00000370841	1
ENST00000319942	1
ENST00000284142	1
ENST00000328299	1
ENST00000477717	1
ENST00000370812	1
ENST00000354567	1
ENST00000370801	1
ENST00000370794	1
ENST00000370791	1
ENST00000334785	1
ENST00000370768	1
ENST00000370763	1
ENST00000370759	1
ENST00000370757	1
ENST00000370751	1
ENST00000370747	1
ENST00000370742	1
ENST00000686636	1
ENST00000260505	1
ENST00000370685	1
ENST00000394834	1
ENST00000370665	1
ENST00000370654	1
ENST00000370645	1
ENST00000699524	1
ENST00000370630	1
ENST00000342203	1
ENST00000370611	1
ENST00000370608	1
ENST00000370589	1
ENST00000294664	1
ENST00000341460	1
ENST00000471115	1
ENST00000648566	1
ENST00000284031	1
ENST00000451137	1
ENST00000370574	1
ENST00000370571	1
ENST00000460698	1
ENST00000370565	1
ENST00000394711	1
ENST00000370563	1
ENST00000370558	1
ENST00000331835	1
ENST00000370550	1
ENST00000370544	1
ENST00000370521	1
ENST00000370500	1
ENST00000260508	1
ENST00000652648	1
ENST00000370481	1
ENST00000370473	1
ENST00000370466	1
ENST00000294671	1
ENST00000355754	1
ENST00000370459	1
ENST00000370456	1
ENST00000330947	1
ENST00000370454	1
ENST00000337338	1
