------Overall Statistics------
Total number of variants                          : 5
Maximum missingness                               : 12.300
Maximum Allele Frequency                          : 4.000e-04
Total number of PASS variants                     : 5
Total number of non-PASS variants                 : 0
Number of LOFTEE HC                               : 5

----Consequence statistics----
Number of Parsed Consequence â€“ PTV                : 5
Number of VEP Consequence - PTV&testcsq1                                                                                          : 3
Number of VEP Consequence - PTV&testcsq1&testcsq2                                                                                 : 2

--------Per-gene stats--------
ENST00000691006                                   : 28
ENST00000373016                                   : 18

Variants not Found:
ENST00000370944
ENST00000361696
------Genome-wide totals------
Total sites expected from filtering expression    : 5
Total sites extracted from all chromosomes        : 5
Total expected and total extracted match          : True

----Per-individual totals-----
Median number of alleles per indv                 : 0.0
Median number of genes affected per indv          : 0.0
Mean number of alleles per indv                   : 0.002
Mean number of genes affected per indv            : 0.002
Max number of alleles                             : 1.0
Number of individuals with at least 1 allele      : 18

---------AC Histogram---------
AC_bin	count
0.0	9982
1.0	18

-------per-ENST Totals--------
ENST	Total_variants
ENST00000373016	2
ENST00000691006	3
