------Overall Statistics------
Total number of variants                          : 6905
Maximum missingness                               : 12.300
Maximum Allele Frequency                          : 9.500e-04
Total number of PASS variants                     : 6905
Total number of non-PASS variants                 : 0
Number of LOFTEE HC                               : 6905

----Consequence statistics----
Number of Parsed Consequence â€“ PTV                : 6905
Number of VEP Consequence - PTV&testcsq1&testcsq2                                                                                 : 3502
Number of VEP Consequence - PTV&testcsq1                                                                                          : 3403

------Genome-wide totals------
Total sites expected from filtering expression    : 6905
Total sites extracted from all chromosomes        : 6905
Total expected and total extracted match          : True

----Per-individual totals-----
Median number of alleles per indv                 : 2.0
Median number of genes affected per indv          : 2.0
Mean number of alleles per indv                   : 2.006
Mean number of genes affected per indv            : 1.997
Max number of alleles                             : 8.0
Number of individuals with at least 1 allele      : 8638

---------AC Histogram---------
AC_bin	count
0.0	1362
1.0	2723
2.0	2665
3.0	1761
4.0	940
5.0	374
6.0	134
7.0	33
8.0	8

-------per-ENST Totals--------
ENST	Total_variants
ENST00000641515	52
ENST00000426406	12
ENST00000332831	10
ENST00000616016	12
ENST00000327044	18
ENST00000338591	15
ENST00000379410	24
ENST00000433179	35
ENST00000304952	26
ENST00000649529	3
ENST00000379370	14
ENST00000453464	37
ENST00000421241	12
ENST00000379268	28
ENST00000379236	2
ENST00000360001	12
ENST00000379198	21
ENST00000330388	42
ENST00000349431	2
ENST00000379116	47
ENST00000354700	16
ENST00000379031	31
ENST00000435064	3
ENST00000343938	34
ENST00000339381	22
ENST00000378888	7
ENST00000309212	20
ENST00000338338	16
ENST00000400809	34
ENST00000344843	16
ENST00000537107	15
ENST00000378821	13
ENST00000476993	5
ENST00000378785	25
ENST00000673477	6
ENST00000378756	3
ENST00000378733	3
ENST00000291386	13
ENST00000422725	12
ENST00000355826	7
ENST00000356026	16
ENST00000341832	2
ENST00000617444	14
ENST00000404249	11
ENST00000341426	15
ENST00000378609	18
ENST00000307786	25
ENST00000310991	4
ENST00000682832	9
ENST00000378585	20
ENST00000378567	25
ENST00000378546	20
ENST00000378536	6
ENST00000378531	11
ENST00000605895	1
ENST00000447513	11
ENST00000378486	7
ENST00000378466	47
ENST00000378453	18
ENST00000355716	9
ENST00000419916	21
ENST00000378412	12
ENST00000401095	11
ENST00000378404	16
ENST00000270722	8
ENST00000378378	16
ENST00000356575	3
ENST00000378344	25
ENST00000270708	19
ENST00000378295	10
ENST00000294600	16
ENST00000642557	28
ENST00000378251	1
ENST00000378230	76
ENST00000378209	19
ENST00000361605	8
ENST00000378191	3
ENST00000378156	17
ENST00000378083	21
ENST00000262450	10
ENST00000234875	16
ENST00000377939	7
ENST00000343813	1
ENST00000377898	29
ENST00000377893	26
ENST00000361521	17
ENST00000377834	18
ENST00000645284	1
ENST00000356876	53
ENST00000377728	24
ENST00000377705	26
ENST00000333172	28
ENST00000377658	10
ENST00000377648	28
ENST00000054650	3
ENST00000377577	25
ENST00000303635	16
ENST00000054666	3
ENST00000377532	12
ENST00000361696	22
ENST00000377507	36
ENST00000338639	11
ENST00000377482	9
ENST00000471889	32
ENST00000400908	5
ENST00000234590	2
ENST00000377443	1
ENST00000400906	23
ENST00000377424	23
ENST00000377411	10
ENST00000377403	18
ENST00000328089	3
ENST00000302692	19
ENST00000340381	24
ENST00000377346	1
ENST00000377298	6
ENST00000377263	82
ENST00000377223	1
ENST00000377205	8
ENST00000294435	10
ENST00000343090	4
ENST00000676179	34
ENST00000270776	9
ENST00000309048	5
ENST00000377049	5
ENST00000377038	2
ENST00000356607	5
ENST00000377022	23
ENST00000377004	15
ENST00000240185	23
ENST00000400897	12
ENST00000376957	25
ENST00000376936	2
ENST00000361445	15
ENST00000376819	37
ENST00000376810	36
ENST00000294484	16
ENST00000354287	23
ENST00000251547	33
ENST00000376753	33
ENST00000376692	10
ENST00000294485	19
ENST00000314340	14
ENST00000688073	8
ENST00000376590	43
ENST00000346436	32
ENST00000376480	6
ENST00000376468	44
ENST00000376572	6
ENST00000196061	8
ENST00000235329	20
ENST00000235332	34
ENST00000263932	13
ENST00000376259	18
ENST00000620676	33
ENST00000616661	57
ENST00000376221	9
ENST00000359318	10
ENST00000614859	21
ENST00000357726	11
ENST00000332296	20
ENST00000619922	40
ENST00000317869	4
ENST00000240189	5
ENST00000235349	5
ENST00000235347	7
ENST00000697200	4
ENST00000376189	41
ENST00000436041	16
ENST00000617807	5
ENST00000619661	1
ENST00000621994	15
ENST00000624207	3
ENST00000323770	6
ENST00000415919	14
ENST00000625019	1
ENST00000624297	20
ENST00000622421	67
ENST00000357367	11
ENST00000437300	63
ENST00000376152	4
ENST00000334600	60
ENST00000376101	42
ENST00000376098	9
ENST00000602960	24
ENST00000376085	14
ENST00000621990	12
ENST00000311066	4
ENST00000376008	4
ENST00000688493	8
ENST00000375980	20
ENST00000375949	11
ENST00000359621	33
ENST00000375910	2
ENST00000333868	18
ENST00000375847	1
ENST00000375826	1
ENST00000480945	16
ENST00000345034	22
ENST00000375799	14
ENST00000294454	4
ENST00000375782	6
ENST00000375766	11
ENST00000696689	4
ENST00000375759	5
ENST00000375743	64
ENST00000329454	19
ENST00000311890	72
ENST00000331433	13
ENST00000375679	12
ENST00000375662	40
ENST00000358432	45
ENST00000270747	8
ENST00000375599	17
ENST00000375592	10
ENST00000401088	17
ENST00000335496	2
ENST00000337132	35
ENST00000375541	7
ENST00000375535	4
ENST00000326735	6
ENST00000375499	2
ENST00000375486	48
ENST00000375471	10
ENST00000375460	39
ENST00000375448	41
ENST00000619609	75
ENST00000375436	44
ENST00000361221	44
ENST00000375406	1
ENST00000251296	7
ENST00000400664	10
ENST00000420770	24
ENST00000375371	4
ENST00000375341	36
ENST00000455833	25
ENST00000375254	12
ENST00000477853	22
ENST00000330263	15
ENST00000361640	42
ENST00000235835	43
ENST00000375153	9
ENST00000264202	4
ENST00000322753	1
ENST00000375136	9
ENST00000289753	18
ENST00000294543	35
ENST00000375121	20
ENST00000375120	5
ENST00000375116	2
ENST00000482011	20
ENST00000375108	43
ENST00000375105	65
ENST00000375102	5
ENST00000679259	70
ENST00000375099	17
ENST00000289815	19
ENST00000375078	40
ENST00000332947	15
ENST00000375071	31
ENST00000321556	6
ENST00000602624	28
ENST00000400463	21
ENST00000444387	8
ENST00000438032	52
ENST00000602326	16
ENST00000374893	10
ENST00000318249	22
ENST00000374840	27
ENST00000374765	28
ENST00000308271	6
ENST00000344642	22
ENST00000374695	11
ENST00000337107	18
ENST00000290122	4
ENST00000656825	3
ENST00000290167	5
ENST00000375647	4
ENST00000166244	24
ENST00000374642	1
ENST00000374640	2
ENST00000509305	15
ENST00000374630	7
ENST00000426928	24
ENST00000566855	16
ENST00000400181	12
ENST00000374619	20
ENST00000302271	5
ENST00000314011	18
ENST00000450454	16
ENST00000336689	35
ENST00000361729	38
ENST00000374561	22
ENST00000643754	22
ENST00000613537	1
ENST00000246151	11
ENST00000374514	14
ENST00000374490	3
ENST00000374479	25
ENST00000374472	1
ENST00000334351	4
ENST00000492112	20
ENST00000374434	14
ENST00000270800	4
ENST00000327535	7
ENST00000361548	36
ENST00000337248	4
ENST00000374399	8
ENST00000374395	32
ENST00000374392	1
ENST00000323848	2
ENST00000374379	13
ENST00000308873	42
ENST00000236273	5
ENST00000243189	42
ENST00000328664	32
ENST00000374358	17
ENST00000294413	51
ENST00000374343	33
ENST00000374338	19
ENST00000374332	7
ENST00000361547	14
ENST00000374303	13
ENST00000374298	16
ENST00000675840	51
ENST00000455785	3
ENST00000374282	2
ENST00000374280	46
ENST00000374276	13
ENST00000374272	20
ENST00000374269	4
ENST00000374268	23
ENST00000634842	3
ENST00000433939	2
ENST00000374266	23
ENST00000361530	25
ENST00000456354	17
ENST00000451429	11
ENST00000270792	18
ENST00000374222	4
ENST00000374213	9
ENST00000308182	3
ENST00000349618	7
ENST00000326279	80
ENST00000236342	12
ENST00000361427	5
ENST00000374168	27
ENST00000324856	9
ENST00000674202	10
ENST00000374142	12
ENST00000339276	13
ENST00000374135	4
ENST00000361720	18
ENST00000254227	25
ENST00000321265	10
ENST00000320567	5
ENST00000522111	13
ENST00000289166	6
ENST00000263980	7
ENST00000319394	2
ENST00000374076	1
ENST00000616558	8
ENST00000357582	26
ENST00000270879	18
ENST00000374030	4
ENST00000374024	2
ENST00000618852	14
ENST00000673934	25
ENST00000374005	20
ENST00000361157	4
ENST00000373954	10
ENST00000373943	15
ENST00000311772	7
ENST00000373921	34
ENST00000373912	6
ENST00000373871	1
ENST00000373857	18
ENST00000263697	10
ENST00000335514	10
ENST00000253063	40
ENST00000373842	47
ENST00000373839	19
ENST00000683442	15
ENST00000373830	3
ENST00000465518	1
ENST00000373824	23
ENST00000373816	8
ENST00000373812	2
ENST00000234961	24
ENST00000343067	4
ENST00000521452	6
ENST00000373795	9
ENST00000263702	12
ENST00000373779	2
