------Overall Statistics------
Total number of variants                          : 118
Maximum missingness                               : 12.300
Maximum Allele Frequency                          : 8.500e-04
Total number of PASS variants                     : 118
Total number of non-PASS variants                 : 0
Number of LOFTEE HC                               : 118

----Consequence statistics----
Number of Parsed Consequence â€“ PTV                : 118
Number of VEP Consequence - PTV&testcsq1                                                                                          : 59
Number of VEP Consequence - PTV&testcsq1&testcsq2                                                                                 : 59

Total variants found                              : 118
Total variants not found                          : 708
Variants not Found:
1:11942415:A:C
1:53214554:G:A
1:30938558:A:T
1:53226981:T:C
1:26890716:A:C
1:47221926:C:A
1:966812:C:T
1:1418555:G:T
1:42395504:T:C
1:12177018:C:A
1:16014251:G:A
1:8472515:C:A
1:34760056:C:A
1:35085432:C:T
1:13316219:G:A
1:42817573:C:A
1:38991883:G:C
1:25861705:G:T
1:1598169:T:A
1:13281625:A:C
1:39679246:G:C
1:16990607:A:G
1:20720734:C:A
1:52380383:G:T
1:22644197:T:G
1:52405237:C:G
1:9951296:T:G
1:26952973:A:T
1:43970423:C:A
1:42929007:T:G
1:22563999:C:T
1:23803171:A:C
1:45500449:C:G
1:24662952:C:A
1:56929329:G:A
1:6186072:A:T
1:19975584:A:G
1:53518296:G:T
1:37567887:G:C
1:16367510:C:G
1:11695631:G:T
1:36466462:C:A
1:1373880:C:A
1:38044301:C:A
1:11012811:A:T
1:20112001:T:A
1:25363695:C:G
1:2528759:G:T
1:1086853:G:A
1:20302547:T:C
1:27393555:G:T
1:33085002:A:G
1:37490058:A:G
1:25546689:A:C
1:39653567:G:C
1:40301676:A:G
1:13585415:C:T
1:44837518:T:A
1:2485822:A:G
1:3858582:T:C
1:44740749:G:A
1:26160018:T:G
1:32222923:T:C
1:25431852:G:T
1:38901298:G:A
1:56724608:G:T
1:13171956:A:T
1:11487684:T:C
1:17541652:C:T
1:41027855:C:T
1:1212981:C:G
1:450897:G:A
1:54609216:A:G
1:8961030:G:T
1:28081240:G:T
1:43338053:C:G
1:22129956:G:T
1:54026684:T:A
1:3021501:C:A
1:44655948:G:T
1:45329246:A:T
1:39762588:C:G
1:26537240:A:T
1:36393441:C:G
1:37717262:T:A
1:26243083:A:C
1:46340998:T:A
1:33568345:G:A
1:924298:G:A
1:17309664:A:C
1:52636529:G:A
1:28236177:A:C
1:57015531:A:C
1:58526075:C:T
1:1514621:C:A
1:25639895:A:T
1:15492277:A:C
1:9589771:G:C
1:9935542:A:C
1:21223973:A:G
1:45003540:A:G
1:960850:G:A
1:1544392:C:T
1:41821637:C:T
1:46283158:T:C
1:15941959:T:C
1:3074800:T:G
1:9686758:C:G
1:32247234:G:T
1:1473845:A:T
1:26166444:A:G
1:52899940:T:G
1:36089229:A:G
1:45551230:A:T
1:19252254:A:C
1:52729446:C:A
1:52602497:T:C
1:12857100:G:T
1:17790124:G:C
1:23791212:G:T
1:34981681:G:T
1:16047697:G:T
1:43993648:A:T
1:54786734:A:G
1:37998245:A:T
1:46310088:G:A
1:18481044:C:T
1:6460896:T:G
1:35613458:C:G
1:19814038:C:G
1:12646387:G:C
1:23691815:A:G
1:53894673:T:A
1:40170855:G:C
1:43651244:T:A
1:43996670:T:C
1:20070446:G:T
1:15457501:G:C
1:19282927:C:T
1:1436999:A:G
1:34181106:A:C
1:5866479:C:G
1:27416985:T:C
1:40452286:C:T
1:1242521:A:G
1:22638600:G:T
1:16923055:C:A
1:7771738:C:A
1:33324721:C:T
1:47137483:A:G
1:54214970:A:C
1:24360802:A:G
1:36084586:C:A
1:44229747:C:G
1:2556464:T:A
1:36340287:T:G
1:52424158:G:C
1:51107304:A:T
1:6449581:C:T
1:11273777:C:G
1:20664469:A:G
1:23961021:C:T
1:43396504:G:T
1:31620935:G:C
1:19623579:C:T
1:43384787:C:G
1:24122279:G:T
1:7847669:T:C
1:1793111:C:T
1:25834037:G:T
1:42184297:A:C
1:36137381:T:G
1:48228841:G:T
1:34850889:A:C
1:16231754:C:G
1:1219325:T:A
1:13341898:A:G
1:23912869:C:G
1:31365574:C:G
1:47438279:A:G
1:26288538:T:C
1:32742688:A:G
1:36455748:G:T
1:40373940:A:C
1:46248003:T:G
1:26361697:G:C
1:22463329:C:A
1:42474311:C:A
1:23965288:A:C
1:15438753:T:G
1:33256822:T:A
1:19920167:C:T
1:54551093:T:A
1:9103061:G:T
1:38872314:T:A
1:28557617:A:C
1:8318468:G:T
1:26051692:C:T
1:6467611:A:G
1:53851801:T:C
1:6272974:T:A
1:22005663:C:A
1:41015643:G:C
1:47183976:G:T
1:53773489:T:A
1:43451017:C:T
1:9848367:G:A
1:12893722:T:A
1:23845216:G:T
1:25277004:A:C
1:1915261:C:T
1:26880536:C:A
1:41478971:T:A
1:47416284:A:G
1:45353634:G:C
1:7964437:A:C
1:3456697:G:T
1:33155898:T:C
1:10947970:A:G
1:6613968:G:A
1:27894468:A:G
1:12064353:A:G
1:54807844:A:G
1:53949328:T:G
1:54981178:G:C
1:2189617:T:G
1:19220434:C:A
1:16248775:G:T
1:42733537:A:G
1:45494190:G:T
1:23022540:C:T
1:19666021:A:T
1:26410833:T:G
1:36095901:G:T
1:26118938:G:C
1:6248950:C:G
1:32072967:G:T
1:17406957:T:A
1:9235979:G:T
1:1324864:G:C
1:37803377:G:C
1:32205937:C:G
1:27355332:G:C
1:51909224:T:C
1:13200350:T:G
1:6635530:C:T
1:48305286:G:A
1:20552801:C:G
1:24503213:T:G
1:1402097:T:A
1:9539740:A:T
1:46607841:T:A
1:50494632:G:T
1:47282651:T:C
1:11981687:T:G
1:13368458:T:C
1:37612211:G:A
1:29258927:C:A
1:25242594:G:T
1:1923572:C:A
1:32890467:T:C
1:19313194:C:A
1:27006309:G:C
1:26022156:T:A
1:50970700:G:C
1:11655363:A:T
1:9003184:A:G
1:12773795:C:G
1:2229077:A:T
1:3772813:C:A
1:28507162:G:T
1:31652369:A:T
1:44685418:T:C
1:47769023:G:T
1:44122799:A:C
1:2592651:G:C
1:35557907:C:G
1:1757979:A:T
1:17372568:C:T
1:26169922:A:G
1:15622122:A:G
1:47335599:A:C
1:999013:T:G
1:1616202:G:A
1:33306879:G:T
1:11664896:G:C
1:32361302:T:A
1:23323929:T:A
1:26993727:T:A
1:6244206:T:A
1:15857263:A:C
1:33008425:T:A
1:23779363:T:G
1:13115509:G:T
1:20163198:A:C
1:36253767:T:C
1:37686804:T:A
1:43148195:T:C
1:20590613:C:T
1:27283838:C:G
1:24769865:C:A
1:10450273:A:C
1:44805927:A:G
1:40262555:T:C
1:15760052:C:T
1:26826874:A:T
1:43947182:C:A
1:21596633:C:G
1:23557985:T:C
1:45627591:G:A
1:43933883:A:C
1:21441779:G:T
1:3494986:A:C
1:40784543:A:C
1:13303568:G:C
1:975377:C:T
1:6521954:T:A
1:3783200:G:C
1:20864774:G:A
1:1232261:C:G
1:22654410:G:C
1:9997658:T:C
1:27872584:G:C
1:46687925:C:A
1:36156302:T:G
1:54008095:C:T
1:28761756:T:C
1:20633845:T:G
1:44775603:C:G
1:51619020:T:G
1:31297759:T:G
1:39494731:T:C
1:11054941:T:A
1:21824912:G:T
1:6555370:G:A
1:12568056:T:G
1:3662966:T:C
1:11845864:T:C
1:54723658:C:G
1:9037685:T:A
1:13152553:G:C
1:43281924:T:A
1:37557820:C:A
1:58577119:T:A
1:26169604:G:C
1:20139513:G:C
1:43975914:A:T
1:34781398:A:T
1:53924095:C:G
1:40477816:T:C
1:46799472:A:C
1:25901328:T:A
1:40532050:G:T
1:32651697:A:G
1:11090785:C:A
1:1536200:A:C
1:23192719:C:A
1:42153522:G:C
1:28812894:G:A
1:52022754:A:C
1:36322184:C:T
1:20482530:C:A
1:12847645:G:A
1:1013530:T:G
1:37795100:C:T
1:42750511:A:T
1:45820460:C:T
1:38838555:T:A
1:43979960:A:G
1:31413399:C:A
1:30733936:G:C
1:10431091:A:T
1:10400926:A:C
1:16124534:T:A
1:27342670:C:A
1:27831784:A:C
1:23010911:A:C
1:46491691:G:C
1:25970065:C:A
1:42847115:C:G
1:7795122:C:T
1:12824667:G:T
1:23428599:G:A
1:35268969:A:C
1:54144757:G:A
1:1331337:C:A
1:28204831:G:C
1:3812583:A:T
1:32209117:A:T
1:48729376:C:T
1:23506446:A:C
1:28605469:G:A
1:32365931:T:C
1:46040556:C:T
1:13222908:G:C
1:40248861:C:G
1:6207956:A:G
1:3752686:G:A
1:19094195:G:C
1:46204915:C:T
1:4683303:T:G
1:23382929:T:C
1:15743525:T:A
1:18109857:T:G
1:35433774:T:C
1:22953134:T:G
1:27666147:G:A
1:19682452:A:C
1:24319870:T:A
1:6415590:C:G
1:1315196:T:A
1:6049755:T:A
1:38874658:A:T
1:1203562:G:T
1:11736670:T:C
1:13254289:T:C
1:33864108:G:T
1:39956773:C:G
1:15171389:A:T
1:11786538:G:T
1:42767387:G:A
1:15736829:C:G
1:46561062:A:G
1:16057834:A:G
1:37476921:A:C
1:19304012:T:C
1:6590903:A:C
1:45620608:C:G
1:40041433:T:G
1:54172303:T:G
1:18846604:C:G
1:39026514:A:T
1:30870899:T:C
1:12716785:T:C
1:42683775:C:T
1:34865438:T:C
1:17249172:C:G
1:24899673:A:G
1:38013724:T:C
1:2019390:G:T
1:51250484:A:T
1:2669703:T:G
1:10087403:G:T
1:32333849:T:G
1:2586944:C:A
1:1662521:T:C
1:15259494:T:G
1:11111307:A:G
1:13411447:A:T
1:2326280:T:A
1:21977599:A:G
1:46671902:A:G
1:32293835:G:T
1:11857505:C:A
1:53207226:A:T
1:54850637:A:T
1:29120105:G:A
1:31182755:A:T
1:26318014:T:G
1:39211422:A:C
1:39838168:A:G
1:15556648:G:T
1:42435212:A:G
1:40979848:C:G
1:36308991:G:A
1:46176228:T:C
1:32163310:T:A
1:17209647:A:G
1:51355792:T:A
1:16413667:A:T
1:10644543:G:C
1:1706610:G:C
1:56516491:A:T
1:1295351:A:G
1:32541415:A:G
1:37958105:A:C
1:23360241:C:G
1:20651817:C:G
1:29149165:C:G
1:29202594:A:T
1:56649684:A:G
1:24067653:A:G
1:1449934:C:T
1:26788896:T:C
1:35941405:C:T
1:37870685:A:T
1:1917918:G:A
1:42786203:G:T
1:55124980:T:G
1:27102778:T:A
1:6806538:G:C
1:22712255:T:A
1:17067103:C:T
1:54757198:T:G
1:26863278:C:T
1:34794292:G:C
1:52355214:C:A
1:11648433:G:T
1:32216204:T:C
1:24155245:C:G
1:53459664:C:G
1:12882481:A:C
1:3631646:T:G
1:16440951:C:G
1:27334067:G:T
1:59330432:G:C
1:35007200:T:G
1:53254220:T:A
1:45584963:G:T
1:26192374:C:G
1:28593977:G:A
1:30712247:T:G
1:45327073:T:A
1:15479144:G:T
1:32863195:G:C
1:50117726:T:G
1:56855014:G:C
1:12019529:A:G
1:32465781:T:C
1:25230450:T:C
1:40861187:G:T
1:12938534:C:T
1:43358990:C:G
1:45516687:C:A
1:28929742:T:A
1:26280235:T:G
1:39624501:G:T
1:31577020:A:T
1:19454135:C:T
1:1266186:G:T
1:15410838:G:A
1:50417626:A:T
1:1071020:C:T
1:21678804:C:G
1:16975633:C:A
1:48538956:A:T
1:1632512:T:A
1:52875707:T:G
1:32894607:G:C
1:42658865:G:A
1:6626772:A:G
1:31263101:T:A
1:43271412:C:A
1:26473143:A:G
1:43169192:G:T
1:32692262:C:G
1:32820698:A:G
1:12791523:G:A
1:32201010:A:G
1:18914994:G:A
1:9299696:G:T
1:26037616:G:A
1:44414955:C:A
1:42460252:G:A
1:32179804:C:A
1:59897682:G:C
1:13739065:T:G
1:26926876:A:G
1:24423137:G:C
1:27379660:A:G
1:1352727:G:T
1:21512699:C:T
1:46176840:A:T
1:51298895:C:A
1:16022449:A:C
1:18871727:A:G
1:54055012:A:C
1:19888141:G:A
1:35813205:G:T
1:27729606:A:T
1:27613071:C:G
1:11921635:G:A
1:16198554:C:A
1:32256628:C:T
1:20741250:C:T
1:35884540:A:G
1:18635496:T:G
1:26911525:C:T
1:3891082:C:A
1:32783279:A:C
1:31791632:A:C
1:44805303:T:A
1:46189401:G:A
1:2405844:G:A
1:36804561:C:A
1:39560848:A:C
1:8012652:T:G
1:2397758:C:A
1:6106756:C:T
1:1308604:C:T
1:946411:C:A
1:43172465:A:C
1:17025096:G:C
1:32362940:T:C
1:13049488:T:G
1:37692878:T:G
1:35184628:T:G
1:28147848:C:G
1:65430:A:G
1:12239236:G:A
1:43363415:G:T
1:40511659:C:T
1:44138639:T:C
1:26433261:A:G
1:52929948:G:A
1:52059905:G:C
1:43530940:G:T
1:37807796:C:A
1:10503688:G:A
1:53098108:T:A
1:3625015:A:T
1:54999346:A:C
1:31728247:T:A
1:45012254:T:A
1:35579720:C:A
1:20186407:G:T
1:45703069:T:G
1:2509322:G:C
1:32620957:C:T
1:35714561:C:A
1:11806527:A:G
1:39896022:C:T
1:54649910:G:T
1:9732466:C:G
1:25800636:T:C
1:26177651:T:G
1:685766:G:A
1:1336869:G:A
1:35752664:C:A
1:47028534:C:T
1:44215428:G:A
1:36418293:A:T
1:26344185:A:G
1:46532295:T:A
1:27369494:T:A
1:15659729:A:G
1:40621426:G:T
1:53064921:T:G
1:11675343:C:T
1:46547414:G:T
1:1280459:G:T
1:15580210:A:T
1:2059625:C:A
1:11027926:T:A
1:27539067:G:T
1:6232540:G:C
1:21813214:G:A
1:24575970:T:A
1:26711219:C:T
1:34755984:A:C
1:10215807:C:A
1:12747202:T:G
1:8864238:C:A
1:16004542:T:G
1:32015359:C:T
1:28259670:C:A
1:7918168:G:C
1:15686044:A:T
1:43303539:G:A
1:28329144:C:T
1:13164327:T:C
1:1386279:G:A
1:46394370:C:A
1:13475620:A:T
1:1020192:C:G
1:37535187:C:T
1:37811774:T:C
1:45026232:G:T
1:59816264:C:T
1:55040765:A:C
1:44852317:T:C
1:58781002:C:A
1:46633483:T:C
1:28671805:C:T
1:11764076:G:T
1:44808726:A:T
1:31907107:T:C
1:43710604:C:G
1:25340815:T:A
1:22060405:T:C
1:25822078:G:C
1:42808563:A:C
1:40725606:G:A
1:13074356:A:G
1:28375333:A:T
1:58669644:T:C
1:19647714:G:A
1:40072957:A:C
1:12916752:T:G
1:44783756:C:T
1:52685198:G:C
1:13061290:T:G
1:11189596:A:C
1:46929353:G:C
1:1648115:G:T
1:47091598:C:T
1:15807412:G:A
1:52203943:G:C
1:23759306:T:G
1:39747016:C:G
1:10465417:A:C
1:27773710:G:C
1:33473038:T:A
1:42162846:T:G
1:13389753:T:A
1:1426523:A:C
1:52032992:T:G
1:51789463:C:A

------Genome-wide totals------
Total sites expected from filtering expression    : 118
Total sites extracted from all chromosomes        : 118
Total expected and total extracted match          : True

----Per-individual totals-----
Median number of alleles per indv                 : 0.0
Median number of genes affected per indv          : 0.0
Mean number of alleles per indv                   : 0.038
Mean number of genes affected per indv            : 0.038
Max number of alleles                             : 2.0
Number of individuals with at least 1 allele      : 371

---------AC Histogram---------
AC_bin	count
0.0	9629
1.0	365
2.0	6

-------per-ENST Totals--------
ENST	Total_variants
ENST00000371201	1
ENST00000403491	1
ENST00000606498	1
ENST00000642238	1
ENST00000498273	1
ENST00000371153	1
ENST00000339950	1
ENST00000635253	1
ENST00000371129	1
ENST00000317868	1
ENST00000371116	1
ENST00000271002	1
ENST00000371088	1
ENST00000371084	1
ENST00000371079	1
ENST00000371077	1
ENST00000651257	1
ENST00000294428	1
ENST00000342505	1
ENST00000327299	1
ENST00000371069	1
ENST00000371065	1
ENST00000349533	1
ENST00000341517	1
ENST00000371037	1
ENST00000282670	1
ENST00000304526	1
ENST00000371026	1
ENST00000401041	1
ENST00000235345	1
ENST00000684719	1
ENST00000347310	1
ENST00000674203	1
ENST00000361219	1
ENST00000370986	1
ENST00000370982	1
ENST00000646789	1
ENST00000262348	1
ENST00000262340	1
ENST00000456315	1
ENST00000651989	1
ENST00000370952	1
ENST00000370949	1
ENST00000370944	1
ENST00000370938	1
ENST00000306666	1
ENST00000370920	1
ENST00000357731	1
ENST00000354431	1
ENST00000370898	1
ENST00000326637	1
ENST00000294635	1
ENST00000326665	1
ENST00000340866	1
ENST00000370867	1
ENST00000356261	1
ENST00000370859	1
ENST00000370841	1
ENST00000319942	1
ENST00000284142	1
ENST00000328299	1
ENST00000477717	1
ENST00000370812	1
ENST00000354567	1
ENST00000370801	1
ENST00000370794	1
ENST00000370791	1
ENST00000334785	1
ENST00000370768	1
ENST00000370763	1
ENST00000370759	1
ENST00000370757	1
ENST00000370751	1
ENST00000370747	1
ENST00000370742	1
ENST00000686636	1
ENST00000260505	1
ENST00000370685	1
ENST00000394834	1
ENST00000370665	1
ENST00000370654	1
ENST00000370645	1
ENST00000699524	1
ENST00000370630	1
ENST00000342203	1
ENST00000370611	1
ENST00000370608	1
ENST00000370589	1
ENST00000294664	1
ENST00000341460	1
ENST00000471115	1
ENST00000648566	1
ENST00000284031	1
ENST00000451137	1
ENST00000370574	1
ENST00000370571	1
ENST00000460698	1
ENST00000370565	1
ENST00000394711	1
ENST00000370563	1
ENST00000370558	1
ENST00000331835	1
ENST00000370550	1
ENST00000370544	1
ENST00000370521	1
ENST00000370500	1
ENST00000260508	1
ENST00000652648	1
ENST00000370481	1
ENST00000370473	1
ENST00000370466	1
ENST00000294671	1
ENST00000355754	1
ENST00000370459	1
ENST00000370456	1
ENST00000330947	1
ENST00000370454	1
ENST00000337338	1
