------Overall Statistics------
Total number of variants                          : 826
Maximum missingness                               : 12.300
Maximum Allele Frequency                          : 9.500e-04
Minimum CADD Score                                : 0.456
Minimum REVEL Score                               : 0.000
Number of NA REVEL Scores                         : 826
Total number of PASS variants                     : 826
Total number of non-PASS variants                 : 0
Number of LOFTEE HC                               : 826

----Consequence statistics----
Number of Parsed Consequence â€“ PTV                : 826
Number of VEP Consequence - PTV&testcsq1&testcsq2                                                                                 : 397
Number of VEP Consequence - PTV&testcsq1                                                                                          : 429

Total variants found                              : 826
Total variants not found                          : 0
Variants not Found:

------Genome-wide totals------
Total sites expected from filtering expression    : 826
Total sites extracted from all chromosomes        : 118
Total expected and total extracted match          : False

----Per-individual totals-----
Median number of alleles per indv                 : 0.0
Median number of genes affected per indv          : 0.0
Mean number of alleles per indv                   : 0.038
Mean number of genes affected per indv            : 0.038
Max number of alleles                             : 2.0
Number of individuals with at least 1 allele      : 371

---------AC Histogram---------
AC_bin	count
0.0	9629
1.0	365
2.0	6

-------per-ENST Totals--------
ENST	Total_variants
ENST00000371201	1
ENST00000403491	1
ENST00000606498	1
ENST00000642238	1
ENST00000498273	1
ENST00000371153	1
ENST00000339950	1
ENST00000635253	1
ENST00000371129	1
ENST00000317868	1
ENST00000371116	1
ENST00000271002	1
ENST00000371088	1
ENST00000371084	1
ENST00000371079	1
ENST00000371077	1
ENST00000651257	1
ENST00000294428	1
ENST00000342505	1
ENST00000327299	1
ENST00000371069	1
ENST00000371065	1
ENST00000349533	1
ENST00000341517	1
ENST00000371037	1
ENST00000282670	1
ENST00000304526	1
ENST00000371026	1
ENST00000401041	1
ENST00000235345	1
ENST00000684719	1
ENST00000347310	1
ENST00000674203	1
ENST00000361219	1
ENST00000370986	1
ENST00000370982	1
ENST00000646789	1
ENST00000262348	1
ENST00000262340	1
ENST00000456315	1
ENST00000651989	1
ENST00000370952	1
ENST00000370949	1
ENST00000370944	1
ENST00000370938	1
ENST00000306666	1
ENST00000370920	1
ENST00000357731	1
ENST00000354431	1
ENST00000370898	1
ENST00000326637	1
ENST00000294635	1
ENST00000326665	1
ENST00000340866	1
ENST00000370867	1
ENST00000356261	1
ENST00000370859	1
ENST00000370841	1
ENST00000319942	1
ENST00000284142	1
ENST00000328299	1
ENST00000477717	1
ENST00000370812	1
ENST00000354567	1
ENST00000370801	1
ENST00000370794	1
ENST00000370791	1
ENST00000334785	1
ENST00000370768	1
ENST00000370763	1
ENST00000370759	1
ENST00000370757	1
ENST00000370751	1
ENST00000370747	1
ENST00000370742	1
ENST00000686636	1
ENST00000260505	1
ENST00000370685	1
ENST00000394834	1
ENST00000370665	1
ENST00000370654	1
ENST00000370645	1
ENST00000699524	1
ENST00000370630	1
ENST00000342203	1
ENST00000370611	1
ENST00000370608	1
ENST00000370589	1
ENST00000294664	1
ENST00000341460	1
ENST00000471115	1
ENST00000648566	1
ENST00000284031	1
ENST00000451137	1
ENST00000370574	1
ENST00000370571	1
ENST00000460698	1
ENST00000370565	1
ENST00000394711	1
ENST00000370563	1
ENST00000370558	1
ENST00000331835	1
ENST00000370550	1
ENST00000370544	1
ENST00000370521	1
ENST00000370500	1
ENST00000260508	1
ENST00000652648	1
ENST00000370481	1
ENST00000370473	1
ENST00000370466	1
ENST00000294671	1
ENST00000355754	1
ENST00000370459	1
ENST00000370456	1
ENST00000330947	1
ENST00000370454	1
ENST00000337338	1
------Genome-wide totals------
Total sites expected from filtering expression    : 826
Total sites extracted from all chromosomes        : 314
Total expected and total extracted match          : False

----Per-individual totals-----
Median number of alleles per indv                 : 0.0
Median number of genes affected per indv          : 0.0
Mean number of alleles per indv                   : 0.082
Mean number of genes affected per indv            : 0.082
Max number of alleles                             : 3.0
Number of individuals with at least 1 allele      : 774

---------AC Histogram---------
AC_bin	count
0.0	9226
1.0	727
2.0	45
3.0	2

-------per-ENST Totals--------
ENST	Total_variants
ENST00000373765	1
ENST00000294507	1
ENST00000339394	1
ENST00000426105	1
ENST00000373736	1
ENST00000263694	1
ENST00000344147	1
ENST00000373713	1
ENST00000373709	1
ENST00000271064	1
ENST00000403528	1
ENST00000373672	1
ENST00000373658	1
ENST00000360482	1
ENST00000647444	1
ENST00000327300	1
ENST00000336294	1
ENST00000373625	1
ENST00000373610	1
ENST00000373602	1
ENST00000291358	1
ENST00000409358	1
ENST00000309777	1
ENST00000677711	1
ENST00000373582	1
ENST00000336890	1
ENST00000373548	1
ENST00000329421	1
ENST00000432622	1
ENST00000373534	1
ENST00000455895	1
ENST00000609129	1
ENST00000373510	1
ENST00000468695	1
ENST00000373493	1
ENST00000409190	1
ENST00000401073	1
ENST00000373477	1
ENST00000373475	1
ENST00000373471	1
ENST00000373467	1
ENST00000373463	1
ENST00000672715	1
ENST00000294517	1
ENST00000291416	1
ENST00000539719	1
ENST00000442999	1
ENST00000683057	1
ENST00000684572	1
ENST00000373381	1
ENST00000681531	1
ENST00000488417	1
ENST00000338513	1
ENST00000339480	1
ENST00000373366	1
ENST00000342280	1
ENST00000521580	1
ENST00000373347	1
ENST00000373337	1
ENST00000357182	1
ENST00000359858	1
ENST00000357214	1
ENST00000314607	1
ENST00000325722	1
ENST00000373243	1
ENST00000373235	1
ENST00000373237	1
ENST00000270815	1
ENST00000318121	1
ENST00000373210	1
ENST00000373204	1
ENST00000373191	1
ENST00000207457	1
ENST00000373178	1
ENST00000397799	1
ENST00000373166	1
ENST00000474796	1
ENST00000354618	1
ENST00000453908	1
ENST00000490466	1
ENST00000373132	1
ENST00000315732	1
ENST00000235532	1
ENST00000373116	1
ENST00000373106	1
ENST00000373091	1
ENST00000373087	1
ENST00000296214	1
ENST00000296215	1
ENST00000652629	1
ENST00000373062	1
ENST00000356545	1
ENST00000486637	1
ENST00000373055	1
ENST00000373048	1
ENST00000373045	1
ENST00000373044	1
ENST00000373042	1
ENST00000373036	1
ENST00000373024	1
ENST00000373019	1
ENST00000373016	1
ENST00000373014	1
ENST00000373012	1
ENST00000373001	1
ENST00000397572	1
ENST00000357771	1
ENST00000372990	1
ENST00000432648	1
ENST00000372969	1
ENST00000564288	1
ENST00000331593	1
ENST00000372858	1
ENST00000372852	1
ENST00000235628	1
ENST00000372844	1
ENST00000324379	1
ENST00000372827	1
ENST00000316891	1
ENST00000372816	1
ENST00000372811	1
ENST00000372805	1
ENST00000642050	1
ENST00000372771	1
ENST00000372766	1
ENST00000372759	1
ENST00000372748	1
ENST00000372718	1
ENST00000361584	1
ENST00000372706	1
ENST00000415550	1
ENST00000372699	1
ENST00000372684	1
ENST00000447388	1
ENST00000347132	1
ENST00000372638	1
ENST00000650070	1
ENST00000302946	1
ENST00000695335	1
ENST00000372587	1
ENST00000372583	1
ENST00000372581	1
ENST00000357001	1
ENST00000361346	1
ENST00000431473	1
ENST00000372565	1
ENST00000372561	1
ENST00000657597	1
ENST00000304979	1
ENST00000321358	1
ENST00000296387	1
ENST00000296388	1
ENST00000372525	1
ENST00000637012	1
ENST00000372521	1
ENST00000372517	1
ENST00000651192	1
ENST00000426263	1
ENST00000335282	1
ENST00000236051	1
ENST00000372492	1
ENST00000439858	1
ENST00000523677	1
ENST00000372476	1
ENST00000372470	1
ENST00000310955	1
ENST00000372458	1
ENST00000372457	1
ENST00000634258	1
ENST00000372430	1
ENST00000359947	1
ENST00000372396	1
ENST00000347631	1
ENST00000372359	1
ENST00000372343	1
ENST00000255108	1
ENST00000472174	1
ENST00000372324	1
ENST00000372318	1
ENST00000372310	1
ENST00000372299	1
ENST00000634670	1
ENST00000372289	1
ENST00000372257	1
ENST00000361799	1
ENST00000372237	1
ENST00000535358	1
ENST00000372224	1
ENST00000396651	1
ENST00000372207	1
ENST00000372201	1
ENST00000339355	1
ENST00000450269	1
ENST00000372192	1
ENST00000360403	1
ENST00000372172	1
ENST00000246337	1
ENST00000359600	1
ENST00000334815	1
ENST00000456914	1
ENST00000372086	1
ENST00000629482	1
ENST00000401061	1
ENST00000319248	1
ENST00000351829	1
ENST00000350030	1
ENST00000528266	1
ENST00000355105	1
ENST00000396478	1
ENST00000361297	1
ENST00000262741	1
ENST00000506599	1
ENST00000372003	1
ENST00000371984	1
ENST00000371980	1
ENST00000371975	1
ENST00000617190	1
ENST00000311672	1
ENST00000474844	1
ENST00000243167	1
ENST00000360032	1
ENST00000697682	1
ENST00000481882	1
ENST00000371945	1
ENST00000319928	1
ENST00000574428	1
ENST00000334122	1
ENST00000371933	1
ENST00000371923	1
ENST00000310638	1
ENST00000371901	1
ENST00000334194	1
ENST00000371891	1
ENST00000294338	1
ENST00000691006	1
ENST00000371877	1
ENST00000371873	1
ENST00000335071	1
ENST00000334793	1
ENST00000606738	1
ENST00000438567	1
ENST00000371847	1
ENST00000371839	1
ENST00000371833	1
ENST00000371824	1
ENST00000404795	1
ENST00000396153	1
ENST00000371761	1
ENST00000371759	1
ENST00000242719	1
ENST00000680483	1
ENST00000371733	1
ENST00000428468	1
ENST00000352171	1
ENST00000371655	1
ENST00000371626	1
ENST00000371614	1
ENST00000313334	1
ENST00000287727	1
ENST00000284376	1
ENST00000371568	1
ENST00000257181	1
ENST00000257177	1
ENST00000361314	1
ENST00000517870	1
ENST00000371538	1
ENST00000294353	1
ENST00000371528	1
ENST00000371522	1
ENST00000371514	1
ENST00000312553	1
ENST00000371494	1
ENST00000371486	1
ENST00000294360	1
ENST00000371470	1
ENST00000306052	1
ENST00000371445	1
ENST00000628545	1
ENST00000371429	1
ENST00000072644	1
ENST00000361921	1
ENST00000194214	1
ENST00000371370	1
ENST00000371360	1
ENST00000234831	1
ENST00000234827	1
ENST00000530059	1
ENST00000534324	1
ENST00000360840	1
ENST00000343744	1
ENST00000302250	1
ENST00000421030	1
ENST00000371281	1
ENST00000371279	1
ENST00000371276	1
ENST00000371273	1
ENST00000371269	1
ENST00000371268	1
ENST00000651561	1
ENST00000302118	1
ENST00000294383	1
ENST00000371250	1
ENST00000371244	1
ENST00000343433	1
ENST00000361249	1
ENST00000371237	1
ENST00000371236	1
ENST00000371226	1
ENST00000371225	1
ENST00000472487	1
ENST00000371222	1
ENST00000303721	1
ENST00000371208	1
ENST00000371204	1
