------Overall Statistics------
Total number of variants                          : 394
Maximum missingness                               : 12.300
Maximum Allele Frequency                          : 9.500e-04
Total number of PASS variants                     : 394
Total number of non-PASS variants                 : 0
Number of LOFTEE HC                               : 394

----Consequence statistics----
Number of Parsed Consequence â€“ PTV                : 394
Number of VEP Consequence - PTV&testcsq1                                                                                          : 203
Number of VEP Consequence - PTV&testcsq1&testcsq2                                                                                 : 191

Total variants found                              : 394
Total variants not found                          : 432
Variants not Found:
1:76944687:T:A
1:53214554:G:A
1:30938558:A:T
1:63527939:C:G
1:53226981:T:C
1:47221926:C:A
1:84311336:T:A
1:42395504:T:C
1:34760056:C:A
1:35085432:C:T
1:42817573:C:A
1:38991883:G:C
1:39679246:G:C
1:52380383:G:T
1:52405237:C:G
1:43970423:C:A
1:42929007:T:G
1:45500449:C:G
1:56929329:G:A
1:53518296:G:T
1:37567887:G:C
1:36466462:C:A
1:89529680:C:T
1:38044301:C:A
1:74748357:G:A
1:33085002:A:G
1:37490058:A:G
1:71065412:T:A
1:40301676:A:G
1:39653567:G:C
1:44837518:T:A
1:44740749:G:A
1:67410708:G:T
1:32222923:T:C
1:38901298:G:A
1:56724608:G:T
1:41027855:C:T
1:75134726:T:A
1:54609216:A:G
1:43338053:C:G
1:74244838:G:C
1:54026684:T:A
1:44655948:G:T
1:45329246:A:T
1:39762588:C:G
1:36393441:C:G
1:37717262:T:A
1:46340998:T:A
1:33568345:G:A
1:67321569:G:T
1:67685346:A:C
1:52636529:G:A
1:57015531:A:C
1:58526075:C:T
1:45003540:A:G
1:77944803:A:T
1:41821637:C:T
1:46283158:T:C
1:32247234:G:T
1:52899940:T:G
1:36089229:A:G
1:45551230:A:T
1:52729446:C:A
1:52602497:T:C
1:64833349:G:T
1:85163134:A:T
1:76241055:T:A
1:78047205:G:A
1:84815674:G:A
1:34981681:G:T
1:43993648:A:T
1:54786734:A:G
1:84518905:C:G
1:37998245:A:T
1:46310088:G:A
1:68429086:C:T
1:75305548:C:A
1:35613458:C:G
1:81806303:C:G
1:53894673:T:A
1:40170855:G:C
1:43651244:T:A
1:43996670:T:C
1:63324295:G:T
1:34181106:A:C
1:40452286:C:T
1:70224437:A:T
1:67092200:G:A
1:33324721:C:T
1:47137483:A:G
1:54214970:A:C
1:44229747:C:G
1:36084586:C:A
1:36340287:T:G
1:52424158:G:C
1:51107304:A:T
1:43396504:G:T
1:77569349:C:G
1:31620935:G:C
1:43384787:C:G
1:86473764:C:T
1:42184297:A:C
1:36137381:T:G
1:48228841:G:T
1:85744859:T:A
1:34850889:A:C
1:88961934:C:G
1:31365574:C:G
1:64752836:C:G
1:47438279:A:G
1:70271042:T:C
1:32742688:A:G
1:36455748:G:T
1:40373940:A:C
1:86863883:C:T
1:46248003:T:G
1:42474311:C:A
1:33256822:T:A
1:84499499:G:C
1:54551093:T:A
1:75727809:T:A
1:38872314:T:A
1:71931340:A:C
1:65422517:T:A
1:66878005:G:T
1:84481835:A:G
1:53851801:T:C
1:88691067:G:A
1:41015643:G:C
1:47183976:G:T
1:53773489:T:A
1:43451017:C:T
1:41478971:T:A
1:47416284:A:G
1:45353634:G:C
1:33155898:T:C
1:74470290:A:T
1:54807844:A:G
1:53949328:T:G
1:54981178:G:C
1:68146496:A:C
1:42733537:A:G
1:69700316:T:G
1:45494190:G:T
1:36095901:G:T
1:32072967:G:T
1:37803377:G:C
1:32205937:C:G
1:83866619:A:G
1:51909224:T:C
1:48305286:G:A
1:50494632:G:T
1:46607841:T:A
1:77889687:C:T
1:47282651:T:C
1:85265860:C:A
1:37612211:G:A
1:74078046:C:A
1:32890467:T:C
1:50970700:G:C
1:77516321:C:A
1:31652369:A:T
1:44685418:T:C
1:84937945:A:C
1:47769023:G:T
1:44122799:A:C
1:77153601:T:A
1:84654041:G:T
1:35557907:C:G
1:47335599:A:C
1:89372102:A:C
1:33306879:G:T
1:32361302:T:A
1:33008425:T:A
1:36253767:T:C
1:43148195:T:C
1:37686804:T:A
1:44805927:A:G
1:40262555:T:C
1:43947182:C:A
1:74707342:A:C
1:45627591:G:A
1:43933883:A:C
1:40784543:A:C
1:67707701:G:T
1:62242366:C:T
1:46687925:C:A
1:36156302:T:G
1:54008095:C:T
1:51619020:T:G
1:44775603:C:G
1:31297759:T:G
1:39494731:T:C
1:54723658:C:G
1:66928114:G:T
1:43281924:T:A
1:37557820:C:A
1:67166755:A:G
1:58577119:T:A
1:43975914:A:T
1:62195259:A:G
1:34781398:A:T
1:53924095:C:G
1:40477816:T:C
1:46799472:A:C
1:68476513:G:C
1:40532050:G:T
1:32651697:A:G
1:42153522:G:C
1:52022754:A:C
1:36322184:C:T
1:42750511:A:T
1:37795100:C:T
1:45820460:C:T
1:38838555:T:A
1:43979960:A:G
1:75919972:G:C
1:65437491:C:A
1:31413399:C:A
1:30733936:G:C
1:46491691:G:C
1:42847115:C:G
1:35268969:A:C
1:54144757:G:A
1:32209117:A:T
1:48729376:C:T
1:32365931:T:C
1:85580770:T:C
1:78649939:C:A
1:46040556:C:T
1:89007100:C:A
1:40248861:C:G
1:46204915:C:T
1:77696098:T:C
1:35433774:T:C
1:38874658:A:T
1:33864108:G:T
1:77784397:C:T
1:39956773:C:G
1:42767387:G:A
1:46561062:A:G
1:37476921:A:C
1:45620608:C:G
1:40041433:T:G
1:54172303:T:G
1:39026514:A:T
1:30870899:T:C
1:42683775:C:T
1:34865438:T:C
1:38013724:T:C
1:61698963:G:T
1:51250484:A:T
1:32333849:T:G
1:88853440:G:A
1:46671902:A:G
1:32293835:G:T
1:53207226:A:T
1:54850637:A:T
1:31182755:A:T
1:89645755:T:A
1:86707370:A:T
1:39211422:A:C
1:39838168:A:G
1:42435212:A:G
1:40979848:C:G
1:36308991:G:A
1:78907546:G:A
1:46176228:T:C
1:32163310:T:A
1:51355792:T:A
1:56516491:A:T
1:32541415:A:G
1:37958105:A:C
1:56649684:A:G
1:37870685:A:T
1:42786203:G:T
1:35941405:C:T
1:89132130:C:A
1:66797772:T:A
1:55124980:T:G
1:54757198:T:G
1:34794292:G:C
1:52355214:C:A
1:32216204:T:C
1:87330002:A:C
1:84151122:A:T
1:89109553:T:G
1:86434142:C:A
1:86914789:G:C
1:59994415:C:G
1:53459664:C:G
1:59330432:G:C
1:35007200:T:G
1:53254220:T:A
1:63855454:T:A
1:45584963:G:T
1:30712247:T:G
1:45327073:T:A
1:32863195:G:C
1:50117726:T:G
1:56855014:G:C
1:32465781:T:C
1:40861187:G:T
1:43358990:C:G
1:45516687:C:A
1:64477678:T:G
1:39624501:G:T
1:31577020:A:T
1:50417626:A:T
1:62437228:C:A
1:48538956:A:T
1:52875707:T:G
1:32894607:G:C
1:89052460:T:G
1:42658865:G:A
1:85024383:C:G
1:31263101:T:A
1:43271412:C:A
1:74201294:G:A
1:43169192:G:T
1:32692262:C:G
1:32820698:A:G
1:32201010:A:G
1:89258963:T:G
1:44414955:C:A
1:42460252:G:A
1:32179804:C:A
1:59897682:G:C
1:46176840:A:T
1:62468636:G:A
1:65862304:T:G
1:51298895:C:A
1:54055012:A:C
1:68046678:A:G
1:35813205:G:T
1:32256628:C:T
1:35884540:A:G
1:61767470:G:T
1:86349191:G:T
1:85065957:G:C
1:32783279:A:C
1:31791632:A:C
1:44805303:T:A
1:46189401:G:A
1:36804561:C:A
1:84549692:A:G
1:39560848:A:C
1:43172465:A:C
1:89823016:T:A
1:32362940:T:C
1:88981212:G:C
1:37692878:T:G
1:35184628:T:G
1:43363415:G:T
1:67011233:A:T
1:70412979:T:G
1:40511659:C:T
1:44138639:T:C
1:52929948:G:A
1:52059905:G:C
1:43530940:G:T
1:37807796:C:A
1:61094583:A:C
1:53098108:T:A
1:54999346:A:C
1:31728247:T:A
1:45012254:T:A
1:35579720:C:A
1:45703069:T:G
1:85326667:G:A
1:32620957:C:T
1:35714561:C:A
1:62597795:G:C
1:39896022:C:T
1:54649910:G:T
1:78497773:A:C
1:35752664:C:A
1:47028534:C:T
1:44215428:G:A
1:36418293:A:T
1:89181459:C:G
1:75786944:G:A
1:74576592:G:T
1:46532295:T:A
1:40621426:G:T
1:53064921:T:G
1:46547414:G:T
1:78009163:A:C
1:34755984:A:C
1:32015359:C:T
1:43303539:G:A
1:85652565:A:T
1:46394370:C:A
1:37535187:C:T
1:37811774:T:C
1:84399260:C:G
1:45026232:G:T
1:59816264:C:T
1:55040765:A:C
1:85256201:C:A
1:44852317:T:C
1:86548168:C:T
1:58781002:C:A
1:70146559:C:G
1:46633483:T:C
1:44808726:A:T
1:31907107:T:C
1:43710604:C:G
1:42808563:A:C
1:40725606:G:A
1:58669644:T:C
1:63603487:A:G
1:40072957:A:C
1:44783756:C:T
1:64205653:T:G
1:52685198:G:C
1:66548503:G:C
1:66753201:C:T
1:46929353:G:C
1:47091598:C:T
1:52203943:G:C
1:39747016:C:G
1:70971388:C:A
1:33473038:T:A
1:62785553:A:G
1:42162846:T:G
1:78621940:A:T
1:65156904:C:T
1:63441571:A:C
1:65312965:G:A
1:52032992:T:G
1:51789463:C:A

------Genome-wide totals------
Total sites expected from filtering expression    : 394
Total sites extracted from all chromosomes        : 394
Total expected and total extracted match          : True

----Per-individual totals-----
Median number of alleles per indv                 : 0.0
Median number of genes affected per indv          : 0.0
Mean number of alleles per indv                   : 0.110
Mean number of genes affected per indv            : 0.110
Max number of alleles                             : 3.0
Number of individuals with at least 1 allele      : 1046

---------AC Histogram---------
AC_bin	count
0.0	8954
1.0	996
2.0	47
3.0	3

-------per-ENST Totals--------
ENST	Total_variants
ENST00000641515	1
ENST00000426406	1
ENST00000332831	1
ENST00000616016	1
ENST00000327044	1
ENST00000338591	1
ENST00000379410	1
ENST00000433179	1
ENST00000304952	1
ENST00000649529	1
ENST00000379370	1
ENST00000453464	1
ENST00000421241	1
ENST00000379268	1
ENST00000379236	1
ENST00000360001	1
ENST00000379198	1
ENST00000330388	1
ENST00000349431	1
ENST00000379116	1
ENST00000354700	1
ENST00000379031	1
ENST00000435064	1
ENST00000343938	1
ENST00000339381	1
ENST00000378888	1
ENST00000309212	1
ENST00000338338	1
ENST00000400809	1
ENST00000344843	1
ENST00000537107	1
ENST00000378821	1
ENST00000476993	1
ENST00000378785	1
ENST00000673477	1
ENST00000378756	1
ENST00000378733	1
ENST00000291386	1
ENST00000422725	1
ENST00000355826	1
ENST00000356026	1
ENST00000341832	1
ENST00000617444	1
ENST00000404249	1
ENST00000341426	1
ENST00000378609	1
ENST00000307786	1
ENST00000310991	1
ENST00000682832	1
ENST00000378585	1
ENST00000378567	1
ENST00000378546	1
ENST00000378536	1
ENST00000378531	1
ENST00000605895	1
ENST00000447513	1
ENST00000378486	1
ENST00000378466	1
ENST00000378453	1
ENST00000355716	1
ENST00000419916	1
ENST00000378412	1
ENST00000401095	1
ENST00000378404	1
ENST00000270722	1
ENST00000378378	1
ENST00000356575	1
ENST00000378344	1
ENST00000270708	1
ENST00000378295	1
ENST00000294600	1
ENST00000642557	1
ENST00000378251	1
ENST00000378230	1
ENST00000378209	1
ENST00000361605	1
ENST00000378191	1
ENST00000378156	1
ENST00000378083	1
ENST00000262450	1
ENST00000234875	1
ENST00000377939	1
ENST00000343813	1
ENST00000377898	1
ENST00000377893	1
ENST00000361521	1
ENST00000377834	1
ENST00000645284	1
ENST00000356876	1
ENST00000377728	1
ENST00000377705	1
ENST00000333172	1
ENST00000377658	1
ENST00000377648	1
ENST00000054650	1
ENST00000377577	1
ENST00000303635	1
ENST00000054666	1
ENST00000377532	1
ENST00000361696	1
ENST00000377507	1
ENST00000338639	1
ENST00000377482	1
ENST00000471889	1
ENST00000400908	1
ENST00000234590	1
ENST00000377443	1
ENST00000400906	1
ENST00000377424	1
ENST00000377411	1
ENST00000377403	1
ENST00000328089	1
ENST00000302692	1
ENST00000340381	1
ENST00000377346	1
ENST00000377298	1
ENST00000377263	1
ENST00000377223	1
ENST00000377205	1
ENST00000294435	1
ENST00000343090	1
ENST00000676179	1
ENST00000270776	1
ENST00000309048	1
ENST00000377049	1
ENST00000377038	1
ENST00000356607	1
ENST00000377022	1
ENST00000377004	1
ENST00000240185	1
ENST00000400897	1
ENST00000376957	1
ENST00000376936	1
ENST00000361445	1
ENST00000376819	1
ENST00000376810	1
ENST00000294484	1
ENST00000354287	1
ENST00000251547	1
ENST00000376753	1
ENST00000376692	1
ENST00000294485	1
ENST00000314340	1
ENST00000688073	1
ENST00000376590	1
ENST00000346436	1
ENST00000376480	1
ENST00000376468	1
ENST00000376572	1
ENST00000196061	1
ENST00000235329	1
ENST00000235332	1
ENST00000263932	1
ENST00000376259	1
ENST00000620676	1
ENST00000616661	1
ENST00000376221	1
ENST00000359318	1
ENST00000614859	1
ENST00000357726	1
ENST00000332296	1
ENST00000619922	1
ENST00000317869	1
ENST00000240189	1
ENST00000235349	1
ENST00000235347	1
ENST00000697200	1
ENST00000376189	1
ENST00000436041	1
ENST00000617807	1
ENST00000619661	1
ENST00000621994	1
ENST00000624207	1
ENST00000323770	1
ENST00000415919	1
ENST00000625019	1
ENST00000624297	1
ENST00000622421	1
ENST00000357367	1
ENST00000437300	1
ENST00000376152	1
ENST00000334600	1
ENST00000376101	1
ENST00000376098	1
ENST00000602960	1
ENST00000376085	1
ENST00000621990	1
ENST00000311066	1
ENST00000376008	1
ENST00000688493	1
ENST00000375980	1
ENST00000375949	1
ENST00000359621	1
ENST00000375910	1
ENST00000333868	1
ENST00000375847	1
ENST00000375826	1
ENST00000480945	1
ENST00000345034	1
ENST00000375799	1
ENST00000294454	1
ENST00000375782	1
ENST00000375766	1
ENST00000696689	1
ENST00000375759	1
ENST00000375743	1
ENST00000329454	1
ENST00000311890	1
ENST00000331433	1
ENST00000375679	1
ENST00000375662	1
ENST00000358432	1
ENST00000270747	1
ENST00000375599	1
ENST00000375592	1
ENST00000401088	1
ENST00000335496	1
ENST00000337132	1
ENST00000375541	1
ENST00000375535	1
ENST00000326735	1
ENST00000375499	1
ENST00000375486	1
ENST00000375471	1
ENST00000375460	1
ENST00000375448	1
ENST00000619609	1
ENST00000375436	1
ENST00000361221	1
ENST00000375406	1
ENST00000251296	1
ENST00000400664	1
ENST00000420770	1
ENST00000375371	1
ENST00000375341	1
ENST00000455833	1
ENST00000375254	1
ENST00000477853	1
ENST00000330263	1
ENST00000361640	1
ENST00000235835	1
ENST00000375153	1
ENST00000264202	1
ENST00000322753	1
ENST00000375136	1
ENST00000289753	1
ENST00000294543	1
ENST00000375121	1
ENST00000375120	1
ENST00000375116	1
ENST00000482011	1
ENST00000375108	1
ENST00000375105	1
ENST00000375102	1
ENST00000679259	1
ENST00000375099	1
ENST00000289815	1
ENST00000375078	1
ENST00000332947	1
ENST00000375071	1
ENST00000321556	1
ENST00000602624	1
ENST00000400463	1
ENST00000444387	1
ENST00000438032	1
ENST00000602326	1
ENST00000374893	1
ENST00000318249	1
ENST00000374840	1
ENST00000374765	1
ENST00000308271	1
ENST00000344642	1
ENST00000374695	1
ENST00000337107	1
ENST00000290122	1
ENST00000656825	1
ENST00000290167	1
ENST00000375647	1
ENST00000166244	1
ENST00000374642	1
ENST00000374640	1
ENST00000509305	1
ENST00000374630	1
ENST00000426928	1
ENST00000566855	1
ENST00000400181	1
ENST00000374619	1
ENST00000302271	1
ENST00000314011	1
ENST00000450454	1
ENST00000336689	1
ENST00000361729	1
ENST00000374561	1
ENST00000643754	1
ENST00000613537	1
ENST00000246151	1
ENST00000374514	1
ENST00000374490	1
ENST00000374479	1
ENST00000374472	1
ENST00000334351	1
ENST00000492112	1
ENST00000374434	1
ENST00000270800	1
ENST00000327535	1
ENST00000361548	1
ENST00000337248	1
ENST00000374399	1
ENST00000374395	1
ENST00000374392	1
ENST00000323848	1
ENST00000374379	1
ENST00000308873	1
ENST00000236273	1
ENST00000243189	1
ENST00000328664	1
ENST00000374358	1
ENST00000294413	1
ENST00000374343	1
ENST00000374338	1
ENST00000374332	1
ENST00000361547	1
ENST00000374303	1
ENST00000374298	1
ENST00000675840	1
ENST00000455785	1
ENST00000374282	1
ENST00000374280	1
ENST00000374276	1
ENST00000374272	1
ENST00000374269	1
ENST00000374268	1
ENST00000634842	1
ENST00000433939	1
ENST00000374266	1
ENST00000361530	1
ENST00000456354	1
ENST00000451429	1
ENST00000270792	1
ENST00000374222	1
ENST00000374213	1
ENST00000308182	1
ENST00000349618	1
ENST00000326279	1
ENST00000236342	1
ENST00000361427	1
ENST00000374168	1
ENST00000324856	1
ENST00000674202	1
ENST00000374142	1
ENST00000339276	1
ENST00000374135	1
ENST00000361720	1
ENST00000254227	1
ENST00000321265	1
ENST00000320567	1
ENST00000522111	1
ENST00000289166	1
ENST00000263980	1
ENST00000319394	1
ENST00000374076	1
ENST00000616558	1
ENST00000357582	1
ENST00000270879	1
ENST00000374030	1
ENST00000374024	1
ENST00000618852	1
ENST00000673934	1
ENST00000374005	1
ENST00000361157	1
ENST00000373954	1
ENST00000373943	1
ENST00000311772	1
ENST00000373921	1
ENST00000373912	1
ENST00000373871	1
ENST00000373857	1
ENST00000263697	1
ENST00000335514	1
ENST00000253063	1
ENST00000373842	1
ENST00000373839	1
ENST00000683442	1
ENST00000373830	1
ENST00000465518	1
ENST00000373824	1
ENST00000373816	1
ENST00000373812	1
ENST00000234961	1
ENST00000343067	1
ENST00000521452	1
ENST00000373795	1
ENST00000263702	1
ENST00000373779	1
